BL51 BANKED LINKER/LOCATER V6.22                                                        06/07/2018  15:04:26  PAGE 1


BL51 BANKED LINKER/LOCATER V6.22, INVOKED BY:
E:\STUDYSOFTWAREINSTALL\KEIL4\C51\BIN\BL51.EXE ..\object\STARTUP.obj, ..\object\main.obj, ..\object\IO.obj, ..\object\Ti
>> mer.obj, ..\object\Global.obj, ..\object\UserTask.obj, ..\object\EEProm.obj, ..\object\ISR.obj, ..\object\CommuTask.o
>> bj, ..\object\MC20.obj, ..\object\DS18B20.obj TO ..\object\balloon PRINT (.\balloon.m51) RAMSIZE (256)


MEMORY MODEL: SMALL


INPUT MODULES INCLUDED:
  ..\object\STARTUP.obj (?C_STARTUP)
  ..\object\main.obj (MAIN)
  ..\object\IO.obj (IO)
  ..\object\Timer.obj (TIMER)
  ..\object\Global.obj (GLOBAL)
  ..\object\UserTask.obj (USERTASK)
  ..\object\EEProm.obj (EEPROM)
  ..\object\ISR.obj (ISR)
  ..\object\CommuTask.obj (COMMUTASK)
  ..\object\MC20.obj (MC20)
  ..\object\DS18B20.obj (DS18B20)
  E:\STUDYSOFTWAREINSTALL\KEIL4\C51\LIB\C51S.LIB (?C_INIT)
  E:\STUDYSOFTWAREINSTALL\KEIL4\C51\LIB\C51S.LIB (?C?COPY)
  E:\STUDYSOFTWAREINSTALL\KEIL4\C51\LIB\C51S.LIB (?C?CLDPTR)
  E:\STUDYSOFTWAREINSTALL\KEIL4\C51\LIB\C51S.LIB (?C?CLDOPTR)
  E:\STUDYSOFTWAREINSTALL\KEIL4\C51\LIB\C51S.LIB (?C?CSTPTR)
  E:\STUDYSOFTWAREINSTALL\KEIL4\C51\LIB\C51S.LIB (?C?CSTOPTR)
  E:\STUDYSOFTWAREINSTALL\KEIL4\C51\LIB\C51S.LIB (?C?IMUL)
  E:\STUDYSOFTWAREINSTALL\KEIL4\C51\LIB\C51S.LIB (?C?UIDIV)
  E:\STUDYSOFTWAREINSTALL\KEIL4\C51\LIB\C51S.LIB (?C?ILDPTR)
  E:\STUDYSOFTWAREINSTALL\KEIL4\C51\LIB\C51S.LIB (?C?ILDOPTR)
  E:\STUDYSOFTWAREINSTALL\KEIL4\C51\LIB\C51S.LIB (?C?IILDOPTR)
  E:\STUDYSOFTWAREINSTALL\KEIL4\C51\LIB\C51S.LIB (?C?ISTPTR)
  E:\STUDYSOFTWAREINSTALL\KEIL4\C51\LIB\C51S.LIB (?C?ISTOPTR)
  E:\STUDYSOFTWAREINSTALL\KEIL4\C51\LIB\C51S.LIB (?C?LMUL)
  E:\STUDYSOFTWAREINSTALL\KEIL4\C51\LIB\C51S.LIB (?C?ULDIV)
  E:\STUDYSOFTWAREINSTALL\KEIL4\C51\LIB\C51S.LIB (?C?LNEG)
  E:\STUDYSOFTWAREINSTALL\KEIL4\C51\LIB\C51S.LIB (?C?SLCMP)
  E:\STUDYSOFTWAREINSTALL\KEIL4\C51\LIB\C51S.LIB (?C?ULCMP)
  E:\STUDYSOFTWAREINSTALL\KEIL4\C51\LIB\C51S.LIB (?C?ULSHR)
  E:\STUDYSOFTWAREINSTALL\KEIL4\C51\LIB\C51S.LIB (?C?SLSHR)
  E:\STUDYSOFTWAREINSTALL\KEIL4\C51\LIB\C51S.LIB (?C?LSHL)
  E:\STUDYSOFTWAREINSTALL\KEIL4\C51\LIB\C51S.LIB (?C?LSTXDATA)
  E:\STUDYSOFTWAREINSTALL\KEIL4\C51\LIB\C51S.LIB (?C?LSTKXDATA)
  E:\STUDYSOFTWAREINSTALL\KEIL4\C51\LIB\C51S.LIB (STRSTR)
  E:\STUDYSOFTWAREINSTALL\KEIL4\C51\LIB\C51S.LIB (?C?MEMSET)
  E:\STUDYSOFTWAREINSTALL\KEIL4\C51\LIB\C51S.LIB (?C?IILDX)


LINK MAP OF MODULE:  ..\object\balloon (?C_STARTUP)


            TYPE    BASE      LENGTH    RELOCATION   SEGMENT NAME
            -----------------------------------------------------

            * * * * * * *   D A T A   M E M O R Y   * * * * * * *
            REG     0000H     0008H     ABSOLUTE     "REG BANK 0"
            REG     0008H     0008H     ABSOLUTE     "REG BANK 1"
BL51 BANKED LINKER/LOCATER V6.22                                                      06/07/2018  15:04:26  PAGE 2


            DATA    0010H     000FH     UNIT         ?DT?MC20
            DATA    001FH     0001H     UNIT         ?DT?COMMUTASK
            BIT     0020H.0   0000H.3   UNIT         ?BI?USERTASK
            BIT     0020H.3   0000H.3   UNIT         _BIT_GROUP_
            BIT     0020H.6   0000H.1   UNIT         ?BI?GLOBAL
            BIT     0020H.7   0000H.1   UNIT         ?BI?ISR
            BIT     0021H.0   0000H.1   UNIT         ?BI?MC20
            BIT     0021H.1   0000H.1   UNIT         ?BI?DS18B20
                    0021H.2   0000H.6                *** GAP ***
            DATA    0022H     0027H     UNIT         _DATA_GROUP_
            DATA    0049H     0007H     UNIT         ?DT?DS18B20
            DATA    0050H     0004H     UNIT         ?DT?USERTASK
            DATA    0054H     0003H     UNIT         ?DT?ISR
            DATA    0057H     0002H     UNIT         ?DT?GLOBAL
            DATA    0059H     0002H     UNIT         ?DT?EEPROM
            IDATA   005BH     001CH     UNIT         ?ID?COMMUTASK
            IDATA   0077H     0001H     UNIT         ?STACK

            * * * * * * *  X D A T A   M E M O R Y  * * * * * * *
            XDATA   0000H     0249H     UNIT         ?XD?COMMUTASK
            XDATA   0249H     0101H     UNIT         ?XD?MC20
            XDATA   034AH     0055H     UNIT         ?XD?GLOBAL
            XDATA   039FH     0037H     UNIT         ?XD?EEPROM
            XDATA   03D6H     0028H     UNIT         ?XD?USERTASK

            * * * * * * *   C O D E   M E M O R Y   * * * * * * *
            CODE    0000H     0003H     ABSOLUTE     
            CODE    0003H     0007H     UNIT         ?PR?_SETFAULT?GLOBAL
                    000AH     0001H                  *** GAP ***
            CODE    000BH     0003H     ABSOLUTE     
            CODE    000EH     000DH     UNIT         ?PR?_CLRFAULT?GLOBAL
            CODE    001BH     0003H     ABSOLUTE     
                    001EH     0005H                  *** GAP ***
            CODE    0023H     0003H     ABSOLUTE     
            CODE    0026H     001DH     UNIT         ?PR?_USERTASKS?USERTASK
            CODE    0043H     0003H     ABSOLUTE     
            CODE    0046H     0A3CH     UNIT         ?PR?_READREGISTER?COMMUTASK
            CODE    0A82H     09B3H     UNIT         ?PR?_SETREGISTER?COMMUTASK
            CODE    1435H     0702H     UNIT         ?PR?_GPSDTPARSE?MC20
            CODE    1B37H     04DEH     UNIT         ?C?LIB_CODE
            CODE    2015H     03A6H     UNIT         ?PR?ATITUCTRMOTOR?USERTASK
            CODE    23BBH     02E9H     UNIT         ?PR?MSGCMDSPARSE?MC20
            CODE    26A4H     023AH     UNIT         ?PR?GETGPSDATA?MC20
            CODE    28DEH     020CH     UNIT         ?PR?_WRITEEEPRDATA?EEPROM
            CODE    2AEAH     0202H     UNIT         ?PR?_PROTOCOLPARSE?COMMUTASK
            CODE    2CECH     0200H     UNIT         ?CO?GLOBAL
            CODE    2EECH     01A9H     UNIT         ?PR?GPSDTINIT?MC20
            CODE    3095H     0198H     UNIT         ?PR?BALONGOBACKCHK?MC20
            CODE    322DH     0172H     UNIT         ?CO?MC20
            CODE    339FH     015EH     UNIT         ?PR?_GPSDTNUMTOCHAR?MC20
            CODE    34FDH     0153H     UNIT         ?PR?READMESSAGE?MC20
            CODE    3650H     014FH     UNIT         ?PR?_READEEPRDATA?EEPROM
            CODE    379FH     014CH     UNIT         ?PR?TIMECTRMOTOR?USERTASK
            CODE    38EBH     011BH     UNIT         ?PR?TEMPERCTR?DS18B20
            CODE    3A06H     010FH     UNIT         ?C_INITSEG
            CODE    3B15H     0107H     UNIT         ?PR?_MC20TASK?MC20
            CODE    3C1CH     00F9H     UNIT         ?PR?MOSTATIJUGE?USERTASK
BL51 BANKED LINKER/LOCATER V6.22                                                      06/07/2018  15:04:26  PAGE 3


            CODE    3D15H     00F5H     UNIT         ?PR?BALLOONSTACHK?MC20
            CODE    3E0AH     00E2H     UNIT         ?PR?_UARTSENDDATA?COMMUTASK
            CODE    3EECH     00D9H     UNIT         ?PR?MC20INITMESSAGE?MC20
            CODE    3FC5H     00D3H     UNIT         ?PR?MOTERCONTR?USERTASK
            CODE    4098H     00C0H     UNIT         ?PR?EEPRDTINIT?EEPROM
            CODE    4158H     00BFH     UNIT         ?PR?TIMER0ISR?ISR
            CODE    4217H     00B1H     UNIT         ?PR?CHKIFMSGISFULL?MC20
            CODE    42C8H     00AEH     UNIT         ?PR?_MC20SENDCMD?MC20
            CODE    4376H     00ACH     UNIT         ?PR?_EXTERCOMTASK?COMMUTASK
            CODE    4422H     00ABH     UNIT         ?PR?INTERCOMISR?ISR
            CODE    44CDH     00A9H     UNIT         ?PR?EXTERCOMISR?ISR
            CODE    4576H     008FH     UNIT         ?PR?_GETTEMPERCHAR?DS18B20
            CODE    4605H     008CH     UNIT         ?C_C51STARTUP
            CODE    4691H     008CH     UNIT         ?PR?_CONFIG_IO?IO
            CODE    471DH     0082H     UNIT         ?PR?_STRSTR?STRSTR
            CODE    479FH     0079H     UNIT         ?PR?_SENDMESSAGE?MC20
            CODE    4818H     006FH     UNIT         ?PR?_RXMANAGEINIT?COMMUTASK
            CODE    4887H     006BH     UNIT         ?PR?USERBLWRITECHK?USERTASK
            CODE    48F2H     006BH     UNIT         ?PR?CHECKIFNEWMCU?EEPROM
            CODE    495DH     0067H     UNIT         ?PR?MC20START?MC20
            CODE    49C4H     0062H     UNIT         ?PR?_READRXDATA?COMMUTASK
            CODE    4A26H     005BH     UNIT         ?PR?_USMBCRC16?GLOBAL
            CODE    4A81H     0054H     UNIT         ?PR?_TXMANAGEINIT?COMMUTASK
            CODE    4AD5H     0053H     UNIT         ?PR?BASICINFOCHK?MC20
            CODE    4B28H     004CH     UNIT         ?PR?TIMER1ISR?ISR
            CODE    4B74H     0049H     UNIT         ?PR?DS_READDATA?DS18B20
            CODE    4BBDH     0045H     UNIT         ?PR?_READ_IO?IO
            CODE    4C02H     0044H     UNIT         ?PR?IOINIT?IO
            CODE    4C46H     0042H     UNIT         ?PR?MC20INITBAUD?MC20
            CODE    4C88H     0040H     UNIT         ?PR?MC20STARTGNSS?MC20
            CODE    4CC8H     003EH     UNIT         ?PR?_RESET_IO?IO
            CODE    4D06H     003DH     UNIT         ?PR?_IAP_ERASESECTOR?EEPROM
            CODE    4D43H     003CH     UNIT         ?PR?MCU_LED_CONTR?USERTASK
            CODE    4D7FH     0039H     UNIT         ?PR?_GPSNUMCHARCONV?MC20
            CODE    4DB8H     0037H     UNIT         ?PR?_DS_WRITEDATA?DS18B20
            CODE    4DEFH     0034H     UNIT         ?PR?_UARTREADFLG?COMMUTASK
            CODE    4E23H     0031H     UNIT         ?PR?_SET_IO?IO
            CODE    4E54H     002FH     UNIT         ?PR?_TIMERCONFIG?TIMER
            CODE    4E83H     002FH     UNIT         ?PR?_UARTCONFIG?COMMUTASK
            CODE    4EB2H     002EH     UNIT         ?PR?_TASKPEND?GLOBAL
            CODE    4EE0H     002EH     UNIT         ?PR?_GETPHONEINFO?MC20
            CODE    4F0EH     002EH     UNIT         ?PR?DS_INIT?DS18B20
            CODE    4F3CH     002DH     UNIT         ?PR?_CREATTASK?GLOBAL
            CODE    4F69H     002CH     UNIT         ?PR?INITSYS?MAIN
            CODE    4F95H     002CH     UNIT         ?PR?_ASCIICONVERT?GLOBAL
            CODE    4FC1H     002AH     UNIT         ?PR?DS_RESET?DS18B20
            CODE    4FEBH     0027H     UNIT         ?PR?CHKIFNEEDWRTEPR?EEPROM
            CODE    5012H     0024H     UNIT         ?PR?_TIMERSTART?TIMER
            CODE    5036H     0023H     UNIT         ?PR?_UARTCLEARFLG?COMMUTASK
            CODE    5059H     0022H     UNIT         ?PR?_CONTRUART_RX?COMMUTASK
            CODE    507BH     001BH     UNIT         ?PR?TASKINIT?MAIN
            CODE    5096H     001AH     UNIT         ?PR?_INTERRUPTCONTROL?GLOBAL
            CODE    50B0H     001AH     UNIT         ?PR?_IAP_READBYTE?EEPROM
            CODE    50CAH     001AH     UNIT         ?PR?MC20INIT?MC20
            CODE    50E4H     001AH     UNIT         ?PR?_MC20POWERCTR?MC20
            CODE    50FEH     0019H     UNIT         ?PR?CLRINTERRXBUF?MC20
            CODE    5117H     0017H     UNIT         ?PR?_TASKSTATCHECK?GLOBAL
BL51 BANKED LINKER/LOCATER V6.22                                                      06/07/2018  15:04:26  PAGE 4


            CODE    512EH     0016H     UNIT         ?PR?_IAP_PROGRAMBYTE?EEPROM
            CODE    5144H     0014H     UNIT         ?PR?MAIN?MAIN
            CODE    5158H     0014H     UNIT         ?PR?UARTINIT?COMMUTASK
            CODE    516CH     0012H     UNIT         ?PR?_DELAY_1P8US?GLOBAL
            CODE    517EH     0010H     UNIT         ?PR?_SETTIMERCNT?TIMER
            CODE    518EH     000FH     UNIT         ?PR?_FAULTCHK?GLOBAL
            CODE    519DH     000DH     UNIT         ?PR?IAP_EXIT?EEPROM
            CODE    51AAH     000CH     UNIT         ?PR?INITTIMER?TIMER
            CODE    51B6H     000AH     UNIT         ?PR?_DELAYN_TICK?ISR
            CODE    51C0H     0006H     UNIT         ?PR?POWERONREADEE?EEPROM



OVERLAY MAP OF MODULE:   ..\object\balloon (?C_STARTUP)


SEGMENT                                 BIT_GROUP          DATA_GROUP 
  +--> CALLED SEGMENT                START    LENGTH     START    LENGTH
------------------------------------------------------------------------
?C_C51STARTUP                        -----    -----      -----    -----
  +--> ?PR?MAIN?MAIN
  +--> ?C_INITSEG

?PR?MAIN?MAIN                        -----    -----      -----    -----
  +--> ?PR?INITSYS?MAIN
  +--> ?PR?_USERTASKS?USERTASK
  +--> ?PR?_MC20TASK?MC20
  +--> ?PR?_EXTERCOMTASK?COMMUTASK

?PR?INITSYS?MAIN                     -----    -----      -----    -----
  +--> ?PR?_INTERRUPTCONTROL?GLOBAL
  +--> ?PR?INITTIMER?TIMER
  +--> ?PR?UARTINIT?COMMUTASK
  +--> ?PR?IOINIT?IO
  +--> ?PR?MC20START?MC20
  +--> ?PR?POWERONREADEE?EEPROM
  +--> ?PR?TASKINIT?MAIN
  +--> ?PR?MC20INIT?MC20
  +--> ?PR?DS_INIT?DS18B20

?PR?_INTERRUPTCONTROL?GLOBAL         0020H.3  0000H.1    -----    -----

?PR?INITTIMER?TIMER                  -----    -----      -----    -----
  +--> ?PR?_TIMERCONFIG?TIMER
  +--> ?PR?_TIMERSTART?TIMER

?PR?_TIMERCONFIG?TIMER               -----    -----      -----    -----
  +--> ?PR?_SETTIMERCNT?TIMER

?PR?UARTINIT?COMMUTASK               -----    -----      -----    -----
  +--> ?PR?_UARTCONFIG?COMMUTASK
  +--> ?PR?_CONTRUART_RX?COMMUTASK
  +--> ?PR?_RXMANAGEINIT?COMMUTASK
  +--> ?PR?_TXMANAGEINIT?COMMUTASK

?PR?_CONTRUART_RX?COMMUTASK          0020H.3  0000H.1    -----    -----

BL51 BANKED LINKER/LOCATER V6.22                                                      06/07/2018  15:04:26  PAGE 5


?PR?_RXMANAGEINIT?COMMUTASK          -----    -----      0022H    0001H

?PR?_TXMANAGEINIT?COMMUTASK          -----    -----      0022H    0001H

?PR?IOINIT?IO                        -----    -----      -----    -----
  +--> ?PR?_CONFIG_IO?IO
  +--> ?PR?_SET_IO?IO
  +--> ?PR?_RESET_IO?IO

?PR?_RESET_IO?IO                     -----    -----      -----    -----
  +--> ?PR?_CONFIG_IO?IO

?PR?MC20START?MC20                   -----    -----      0022H    0002H
  +--> ?PR?_MC20POWERCTR?MC20
  +--> ?PR?_DELAYN_TICK?ISR
  +--> ?PR?_SET_IO?IO
  +--> ?CO?MC20
  +--> ?PR?_MC20SENDCMD?MC20
  +--> ?PR?_RESET_IO?IO
  +--> ?PR?_SETFAULT?GLOBAL

?PR?_MC20POWERCTR?MC20               -----    -----      0024H    0001H
  +--> ?PR?_SET_IO?IO
  +--> ?PR?_RESET_IO?IO

?PR?_MC20SENDCMD?MC20                -----    -----      002FH    000BH
  +--> ?CO?MC20
  +--> ?PR?CLRINTERRXBUF?MC20
  +--> ?PR?_UARTSENDDATA?COMMUTASK
  +--> ?PR?_DELAYN_TICK?ISR
  +--> ?PR?_STRSTR?STRSTR

?PR?_UARTSENDDATA?COMMUTASK          -----    -----      003AH    0005H

?PR?_STRSTR?STRSTR                   -----    -----      003AH    000CH

?PR?POWERONREADEE?EEPROM             -----    -----      -----    -----
  +--> ?PR?EEPRDTINIT?EEPROM
  +--> ?PR?CHECKIFNEWMCU?EEPROM

?PR?CHECKIFNEWMCU?EEPROM             -----    -----      0022H    0003H
  +--> ?PR?_READEEPRDATA?EEPROM
  +--> ?PR?_WRITEEEPRDATA?EEPROM
  +--> ?PR?_IAP_READBYTE?EEPROM

?PR?_READEEPRDATA?EEPROM             -----    -----      0025H    0009H
  +--> ?PR?_CLRFAULT?GLOBAL
  +--> ?PR?_IAP_READBYTE?EEPROM
  +--> ?PR?_USMBCRC16?GLOBAL
  +--> ?PR?_SETFAULT?GLOBAL

?PR?_IAP_READBYTE?EEPROM             -----    -----      -----    -----
  +--> ?PR?IAP_EXIT?EEPROM

?PR?_USMBCRC16?GLOBAL                -----    -----      003BH    0007H
  +--> ?CO?GLOBAL

BL51 BANKED LINKER/LOCATER V6.22                                                      06/07/2018  15:04:26  PAGE 6


?PR?_WRITEEEPRDATA?EEPROM            -----    -----      0025H    000AH
  +--> ?PR?_CLRFAULT?GLOBAL
  +--> ?PR?_USMBCRC16?GLOBAL
  +--> ?PR?_IAP_ERASESECTOR?EEPROM
  +--> ?PR?_IAP_PROGRAMBYTE?EEPROM
  +--> ?PR?_IAP_READBYTE?EEPROM
  +--> ?PR?_SETFAULT?GLOBAL

?PR?_IAP_ERASESECTOR?EEPROM          -----    -----      -----    -----
  +--> ?PR?IAP_EXIT?EEPROM
  +--> ?PR?_IAP_READBYTE?EEPROM

?PR?_IAP_PROGRAMBYTE?EEPROM          -----    -----      -----    -----
  +--> ?PR?IAP_EXIT?EEPROM

?PR?TASKINIT?MAIN                    -----    -----      -----    -----
  +--> ?PR?_CREATTASK?GLOBAL

?PR?_CREATTASK?GLOBAL                -----    -----      0022H    0002H

?PR?MC20INIT?MC20                    -----    -----      -----    -----
  +--> ?PR?_FAULTCHK?GLOBAL
  +--> ?PR?MC20INITBAUD?MC20
  +--> ?PR?BASICINFOCHK?MC20
  +--> ?PR?GPSDTINIT?MC20
  +--> ?PR?MC20STARTGNSS?MC20
  +--> ?PR?MC20INITMESSAGE?MC20

?PR?MC20INITBAUD?MC20                -----    -----      -----    -----
  +--> ?CO?MC20
  +--> ?PR?_MC20SENDCMD?MC20
  +--> ?PR?_CLRFAULT?GLOBAL
  +--> ?PR?_SETFAULT?GLOBAL

?PR?BASICINFOCHK?MC20                -----    -----      -----    -----
  +--> ?CO?MC20
  +--> ?PR?_MC20SENDCMD?MC20
  +--> ?PR?_CLRFAULT?GLOBAL
  +--> ?PR?_SETFAULT?GLOBAL

?PR?MC20STARTGNSS?MC20               -----    -----      -----    -----
  +--> ?CO?MC20
  +--> ?PR?_MC20SENDCMD?MC20
  +--> ?PR?_SETFAULT?GLOBAL

?PR?MC20INITMESSAGE?MC20             -----    -----      -----    -----
  +--> ?CO?MC20
  +--> ?PR?_CLRFAULT?GLOBAL
  +--> ?PR?_MC20SENDCMD?MC20
  +--> ?PR?_SETFAULT?GLOBAL

?PR?DS_INIT?DS18B20                  -----    -----      -----    -----
  +--> ?PR?_CONFIG_IO?IO
  +--> ?PR?_DELAYN_TICK?ISR
  +--> ?PR?DS_RESET?DS18B20
  +--> ?PR?_DS_WRITEDATA?DS18B20

BL51 BANKED LINKER/LOCATER V6.22                                                      06/07/2018  15:04:26  PAGE 7


?PR?DS_RESET?DS18B20                 -----    -----      0025H    0001H
  +--> ?PR?_DELAY_1P8US?GLOBAL
  +--> ?PR?_READ_IO?IO

?PR?_DS_WRITEDATA?DS18B20            -----    -----      0025H    0002H
  +--> ?PR?_DELAY_1P8US?GLOBAL

?PR?_USERTASKS?USERTASK              -----    -----      0022H    0001H
  +--> ?PR?_TASKSTATCHECK?GLOBAL
  +--> ?PR?TEMPERCTR?DS18B20
  +--> ?PR?MOTERCONTR?USERTASK
  +--> ?PR?MCU_LED_CONTR?USERTASK
  +--> ?PR?USERBLWRITECHK?USERTASK
  +--> ?PR?CHKIFNEEDWRTEPR?EEPROM
  +--> ?PR?_TASKPEND?GLOBAL

?PR?TEMPERCTR?DS18B20                -----    -----      0023H    0002H
  +--> ?PR?DS_RESET?DS18B20
  +--> ?PR?_DS_WRITEDATA?DS18B20
  +--> ?PR?DS_READDATA?DS18B20
  +--> ?PR?_RESET_IO?IO
  +--> ?PR?_SET_IO?IO
  +--> ?PR?_GETTEMPERCHAR?DS18B20

?PR?DS_READDATA?DS18B20              -----    -----      0025H    0002H
  +--> ?PR?_DELAY_1P8US?GLOBAL
  +--> ?PR?_READ_IO?IO

?PR?_GETTEMPERCHAR?DS18B20           -----    -----      0025H    0002H
  +--> ?PR?_ASCIICONVERT?GLOBAL

?PR?MOTERCONTR?USERTASK              -----    -----      -----    -----
  +--> ?PR?ATITUCTRMOTOR?USERTASK
  +--> ?PR?TIMECTRMOTOR?USERTASK
  +--> ?PR?_FAULTCHK?GLOBAL
  +--> ?PR?_SET_IO?IO
  +--> ?PR?_RESET_IO?IO

?PR?ATITUCTRMOTOR?USERTASK           -----    -----      0023H    0004H
  +--> ?PR?_SET_IO?IO
  +--> ?PR?_RESET_IO?IO

?PR?TIMECTRMOTOR?USERTASK            -----    -----      -----    -----
  +--> ?PR?_SET_IO?IO
  +--> ?PR?_RESET_IO?IO

?PR?MCU_LED_CONTR?USERTASK           -----    -----      -----    -----
  +--> ?PR?_FAULTCHK?GLOBAL
  +--> ?PR?_RESET_IO?IO
  +--> ?PR?_SET_IO?IO

?PR?USERBLWRITECHK?USERTASK          -----    -----      -----    -----
  +--> ?PR?MOSTATIJUGE?USERTASK

?PR?CHKIFNEEDWRTEPR?EEPROM           -----    -----      -----    -----
  +--> ?PR?_WRITEEEPRDATA?EEPROM

BL51 BANKED LINKER/LOCATER V6.22                                                      06/07/2018  15:04:26  PAGE 8


?PR?_MC20TASK?MC20                   -----    -----      0022H    0001H
  +--> ?PR?_TASKSTATCHECK?GLOBAL
  +--> ?PR?READMESSAGE?MC20
  +--> ?PR?MSGCMDSPARSE?MC20
  +--> ?PR?BALLOONSTACHK?MC20
  +--> ?PR?GETGPSDATA?MC20
  +--> ?PR?BALONGOBACKCHK?MC20
  +--> ?PR?_GETPHONEINFO?MC20
  +--> ?PR?_SENDMESSAGE?MC20
  +--> ?PR?CHKIFMSGISFULL?MC20
  +--> ?PR?_TASKPEND?GLOBAL

?PR?READMESSAGE?MC20                 -----    -----      0023H    0003H
  +--> ?CO?MC20
  +--> ?PR?_MC20SENDCMD?MC20

?PR?MSGCMDSPARSE?MC20                -----    -----      0023H    0003H
  +--> ?CO?MC20
  +--> ?PR?_STRSTR?STRSTR
  +--> ?PR?GETGPSDATA?MC20
  +--> ?PR?_ASCIICONVERT?GLOBAL

?PR?GETGPSDATA?MC20                  -----    -----      0026H    0009H
  +--> ?CO?MC20
  +--> ?PR?_MC20SENDCMD?MC20
  +--> ?PR?_STRSTR?STRSTR
  +--> ?PR?_GPSDTPARSE?MC20

?PR?_GPSDTPARSE?MC20                 -----    -----      002FH    0006H
  +--> ?PR?_ASCIICONVERT?GLOBAL
  +--> ?PR?_GPSDTNUMTOCHAR?MC20
  +--> ?PR?_GPSNUMCHARCONV?MC20

?PR?_GPSDTNUMTOCHAR?MC20             -----    -----      0035H    0007H
  +--> ?PR?_ASCIICONVERT?GLOBAL

?PR?BALLOONSTACHK?MC20               -----    -----      -----    -----
  +--> ?PR?GETGPSDATA?MC20

?PR?_GETPHONEINFO?MC20               -----    -----      0023H    0003H

?PR?_SENDMESSAGE?MC20                -----    -----      0023H    0007H
  +--> ?CO?MC20
  +--> ?PR?_MC20SENDCMD?MC20
  +--> ?PR?_CLRFAULT?GLOBAL
  +--> ?PR?_SETFAULT?GLOBAL

?PR?CHKIFMSGISFULL?MC20              -----    -----      0023H    0001H
  +--> ?CO?MC20
  +--> ?PR?_MC20SENDCMD?MC20
  +--> ?PR?_SETFAULT?GLOBAL

?PR?_EXTERCOMTASK?COMMUTASK          -----    -----      0022H    0004H
  +--> ?PR?_TASKSTATCHECK?GLOBAL
  +--> ?PR?_READRXDATA?COMMUTASK
  +--> ?PR?_USMBCRC16?GLOBAL
  +--> ?PR?_PROTOCOLPARSE?COMMUTASK
BL51 BANKED LINKER/LOCATER V6.22                                                      06/07/2018  15:04:26  PAGE 9


  +--> ?PR?_TASKPEND?GLOBAL

?PR?_READRXDATA?COMMUTASK            -----    -----      0026H    0003H

?PR?_PROTOCOLPARSE?COMMUTASK         -----    -----      0026H    000DH
  +--> ?PR?_READREGISTER?COMMUTASK
  +--> ?PR?_USMBCRC16?GLOBAL
  +--> ?PR?_UARTSENDDATA?COMMUTASK
  +--> ?PR?_SETREGISTER?COMMUTASK

?PR?_READREGISTER?COMMUTASK          -----    -----      0033H    0007H
  +--> ?PR?_ASCIICONVERT?GLOBAL

?PR?_SETREGISTER?COMMUTASK           -----    -----      0033H    0008H
  +--> ?PR?_ASCIICONVERT?GLOBAL
  +--> ?PR?EEPRDTINIT?EEPROM
  +--> ?PR?_USMBCRC16?GLOBAL

*** NEW ROOT ***************************************************

?PR?TIMER0ISR?ISR                    -----    -----      0046H    0001H
  +--> ?PR?_SETTIMERCNT?TIMER

*** NEW ROOT ***************************************************

?PR?TIMER1ISR?ISR                    -----    -----      -----    -----
  +--> ?PR?_SETTIMERCNT?TIMER

*** NEW ROOT ***************************************************

?PR?INTERCOMISR?ISR                  -----    -----      0047H    0001H
  +--> ?PR?_UARTREADFLG?COMMUTASK
  +--> ?PR?_UARTCLEARFLG?COMMUTASK

?PR?_UARTREADFLG?COMMUTASK           0020H.5  0000H.1    -----    -----

*** NEW ROOT ***************************************************

?PR?EXTERCOMISR?ISR                  -----    -----      0048H    0001H
  +--> ?PR?_UARTREADFLG?COMMUTASK
  +--> ?PR?_UARTCLEARFLG?COMMUTASK



SYMBOL TABLE OF MODULE:  ..\object\balloon (?C_STARTUP)

  VALUE           TYPE          NAME
  ----------------------------------

  -------         MODULE        ?C_STARTUP
  C:4605H         SEGMENT       ?C_C51STARTUP
  I:0077H         SEGMENT       ?STACK
  C:0000H         PUBLIC        ?C_STARTUP
  D:00E0H         SYMBOL        ACC
  D:00F0H         SYMBOL        B
  D:0083H         SYMBOL        DPH
  D:0082H         SYMBOL        DPL
BL51 BANKED LINKER/LOCATER V6.22                                                      06/07/2018  15:04:26  PAGE 10


  N:0000H         SYMBOL        IBPSTACK
  N:0100H         SYMBOL        IBPSTACKTOP
  N:0080H         SYMBOL        IDATALEN
  C:4608H         SYMBOL        IDATALOOP
  N:0000H         SYMBOL        PBPSTACK
  N:0100H         SYMBOL        PBPSTACKTOP
  N:0000H         SYMBOL        PDATALEN
  N:0000H         SYMBOL        PDATASTART
  N:0000H         SYMBOL        PPAGE
  N:0000H         SYMBOL        PPAGEENABLE
  D:00A0H         SYMBOL        PPAGE_SFR
  D:0081H         SYMBOL        SP
  C:4605H         SYMBOL        STARTUP1
  N:0000H         SYMBOL        XBPSTACK
  N:0000H         SYMBOL        XBPSTACKTOP
  N:0000H         SYMBOL        XDATALEN
  N:0000H         SYMBOL        XDATASTART
  C:0000H         LINE#         126
  C:4605H         LINE#         133
  C:4607H         LINE#         134
  C:4608H         LINE#         135
  C:4609H         LINE#         136
  C:460BH         LINE#         185
  C:460EH         LINE#         196
  -------         ENDMOD        ?C_STARTUP

  -------         MODULE        MAIN
  C:0000H         SYMBOL        _ICE_DUMMY_
  D:0080H         PUBLIC        P0
  D:0090H         PUBLIC        P1
  D:00A0H         PUBLIC        P2
  D:00B0H         PUBLIC        P3
  D:00C0H         PUBLIC        P4
  D:00C8H         PUBLIC        P5
  D:00A8H         PUBLIC        IE
  D:00B8H         PUBLIC        IP
  D:00D8H         PUBLIC        CCON
  C:5144H         PUBLIC        main
  C:507BH         PUBLIC        TaskInit
  D:0098H         PUBLIC        SCON
  D:0088H         PUBLIC        TCON
  C:4F69H         PUBLIC        InitSys
  D:00D0H         PUBLIC        PSW
  -------         PROC          TASKINIT
  C:507BH         LINE#         12
  C:507BH         LINE#         13
  C:507BH         LINE#         14
  C:5084H         LINE#         16
  C:508DH         LINE#         18
  -------         ENDPROC       TASKINIT
  -------         PROC          INITSYS
  C:4F69H         LINE#         21
  C:4F69H         LINE#         22
  C:4F69H         LINE#         23
  C:4F72H         LINE#         25
  C:4F75H         LINE#         27
  C:4F78H         LINE#         29
BL51 BANKED LINKER/LOCATER V6.22                                                      06/07/2018  15:04:26  PAGE 11


  C:4F7BH         LINE#         31
  C:4F7EH         LINE#         33
  C:4F81H         LINE#         35
  C:4F84H         LINE#         37
  C:4F87H         LINE#         39
  C:4F8AH         LINE#         41
  C:4F94H         LINE#         42
  -------         ENDPROC       INITSYS
  -------         PROC          MAIN
  C:5144H         LINE#         44
  C:5144H         LINE#         45
  C:5144H         LINE#         46
  C:5147H         LINE#         48
  C:5147H         LINE#         49
  C:5147H         LINE#         50
  C:514CH         LINE#         52
  C:5151H         LINE#         54
  C:5156H         LINE#         55
  -------         ENDPROC       MAIN
  -------         ENDMOD        MAIN

  -------         MODULE        IO
  C:0000H         SYMBOL        _ICE_DUMMY_
  C:4CCFH         PUBLIC        _Reset_IO
  D:0092H         PUBLIC        P1M0
  D:0093H         PUBLIC        P0M1
  D:0096H         PUBLIC        P2M0
  D:0091H         PUBLIC        P1M1
  D:0080H         PUBLIC        P0
  D:00B2H         PUBLIC        P3M0
  D:0095H         PUBLIC        P2M1
  D:0090H         PUBLIC        P1
  D:00B4H         PUBLIC        P4M0
  D:00B1H         PUBLIC        P3M1
  D:00A0H         PUBLIC        P2
  D:00CAH         PUBLIC        P5M0
  D:00B3H         PUBLIC        P4M1
  D:00B0H         PUBLIC        P3
  D:00C9H         PUBLIC        P5M1
  D:00C0H         PUBLIC        P4
  D:00C8H         PUBLIC        P5
  D:00A8H         PUBLIC        IE
  D:00B8H         PUBLIC        IP
  D:00D8H         PUBLIC        CCON
  C:4E23H         PUBLIC        _Set_IO
  C:4C02H         PUBLIC        IOInit
  D:00BBH         PUBLIC        P4SW
  D:0098H         PUBLIC        SCON
  D:0088H         PUBLIC        TCON
  C:4691H         PUBLIC        _Config_IO
  C:4BBDH         PUBLIC        _Read_IO
  D:00D0H         PUBLIC        PSW
  D:0094H         PUBLIC        P0M0
  -------         PROC          _CONFIG_IO
  D:0007H         SYMBOL        IO
  D:0005H         SYMBOL        PIN
  D:0003H         SYMBOL        Mode
BL51 BANKED LINKER/LOCATER V6.22                                                      06/07/2018  15:04:26  PAGE 12


  -------         DO            
  D:0006H         SYMBOL        PxM0_Temp
  D:0004H         SYMBOL        PxM1_Temp
  -------         ENDDO         
  C:4691H         LINE#         8
  C:4691H         LINE#         9
  C:4691H         LINE#         10
  C:4693H         LINE#         11
  C:4694H         LINE#         13
  C:46A2H         LINE#         14
  C:46A2H         LINE#         16
  C:46A2H         LINE#         18
  C:46A6H         LINE#         19
  C:46A6H         LINE#         20
  C:46A9H         LINE#         21
  C:46A9H         LINE#         23
  C:46ADH         LINE#         24
  C:46ADH         LINE#         25
  C:46B0H         LINE#         26
  C:46B0H         LINE#         28
  C:46B4H         LINE#         29
  C:46B4H         LINE#         30
  C:46B9H         LINE#         31
  C:46BCH         LINE#         32
  C:46BFH         LINE#         33
  C:46C2H         LINE#         34
  C:46C2H         LINE#         35
  C:46C6H         LINE#         36
  C:46C6H         LINE#         37
  C:46CBH         LINE#         38
  C:46CEH         LINE#         39
  C:46D1H         LINE#         40
  C:46D4H         LINE#         41
  C:46D4H         LINE#         42
  C:46D8H         LINE#         43
  C:46D8H         LINE#         44
  C:46DDH         LINE#         45
  C:46E0H         LINE#         46
  C:46E3H         LINE#         47
  C:46E6H         LINE#         48
  C:46E6H         LINE#         49
  C:46EAH         LINE#         50
  C:46EAH         LINE#         51
  C:46EFH         LINE#         52
  C:46F2H         LINE#         53
  C:46F5H         LINE#         54
  C:46F8H         LINE#         55
  C:46F8H         LINE#         56
  C:46FCH         LINE#         57
  C:46FCH         LINE#         58
  C:4701H         LINE#         59
  C:4704H         LINE#         60
  C:4707H         LINE#         61
  C:470AH         LINE#         62
  C:470AH         LINE#         63
  C:470EH         LINE#         64
  C:470EH         LINE#         65
BL51 BANKED LINKER/LOCATER V6.22                                                      06/07/2018  15:04:26  PAGE 13


  C:4713H         LINE#         66
  C:4716H         LINE#         67
  C:4719H         LINE#         68
  C:471CH         LINE#         69
  C:471CH         LINE#         70
  -------         ENDPROC       _CONFIG_IO
  -------         PROC          _SET_IO
  D:0007H         SYMBOL        Port
  D:0005H         SYMBOL        Pin_Num
  C:4E23H         LINE#         72
  C:4E23H         LINE#         73
  C:4E23H         LINE#         74
  C:4E29H         LINE#         75
  C:4E29H         LINE#         77
  C:4E29H         LINE#         79
  C:4E2DH         LINE#         80
  C:4E2DH         LINE#         81
  C:4E30H         LINE#         82
  C:4E30H         LINE#         83
  C:4E34H         LINE#         84
  C:4E34H         LINE#         85
  C:4E37H         LINE#         86
  C:4E37H         LINE#         87
  C:4E3BH         LINE#         88
  C:4E3BH         LINE#         89
  C:4E3EH         LINE#         90
  C:4E3EH         LINE#         91
  C:4E42H         LINE#         92
  C:4E42H         LINE#         93
  C:4E45H         LINE#         94
  C:4E45H         LINE#         95
  C:4E49H         LINE#         96
  C:4E49H         LINE#         97
  C:4E4CH         LINE#         98
  C:4E4CH         LINE#         99
  C:4E50H         LINE#         100
  C:4E50H         LINE#         101
  C:4E53H         LINE#         102
  C:4E53H         LINE#         103
  -------         ENDPROC       _SET_IO
  C:4CCAH         SYMBOL        L?0040
  -------         PROC          L?0039
  -------         ENDPROC       L?0039
  C:4CCAH         SYMBOL        L?0040
  -------         PROC          _RESET_IO
  D:0007H         SYMBOL        Port
  D:0005H         SYMBOL        Pin_Num
  C:4CCFH         LINE#         105
  C:4CCFH         LINE#         106
  C:4CCFH         LINE#         107
  C:4CD5H         LINE#         108
  C:4CD5H         LINE#         110
  C:4CD5H         LINE#         112
  C:4CD9H         LINE#         113
  C:4CD9H         LINE#         114
  C:4CDDH         LINE#         115
  C:4CDDH         LINE#         116
BL51 BANKED LINKER/LOCATER V6.22                                                      06/07/2018  15:04:26  PAGE 14


  C:4CE1H         LINE#         117
  C:4CE1H         LINE#         118
  C:4CE5H         LINE#         119
  C:4CE5H         LINE#         120
  C:4CE9H         LINE#         121
  C:4CE9H         LINE#         122
  C:4CEDH         LINE#         123
  C:4CEDH         LINE#         124
  C:4CF1H         LINE#         125
  C:4CF1H         LINE#         126
  C:4CF5H         LINE#         127
  C:4CF5H         LINE#         128
  C:4CF9H         LINE#         129
  C:4CF9H         LINE#         130
  C:4CFDH         LINE#         131
  C:4CFDH         LINE#         132
  C:4D01H         LINE#         133
  C:4D01H         LINE#         134
  C:4D05H         LINE#         135
  C:4D05H         LINE#         136
  -------         ENDPROC       _RESET_IO
  -------         PROC          _READ_IO
  D:0007H         SYMBOL        Port
  D:0005H         SYMBOL        Pin_Num
  -------         DO            
  D:0001H         SYMBOL        Temp
  -------         ENDDO         
  C:4BBDH         LINE#         138
  C:4BBDH         LINE#         139
  C:4BBDH         LINE#         140
  C:4BBFH         LINE#         142
  C:4BD8H         LINE#         143
  C:4BD8H         LINE#         144
  C:4BDEH         LINE#         145
  C:4BE4H         LINE#         146
  C:4BEAH         LINE#         147
  C:4BF0H         LINE#         148
  C:4BF6H         LINE#         149
  C:4BFAH         LINE#         150
  C:4BFAH         LINE#         152
  C:4BFDH         LINE#         153
  C:4BFDH         LINE#         154
  C:4BFFH         LINE#         155
  C:4BFFH         LINE#         157
  C:4BFFH         LINE#         158
  C:4C01H         LINE#         159
  C:4C01H         LINE#         160
  -------         ENDPROC       _READ_IO
  -------         PROC          IOINIT
  C:4C02H         LINE#         162
  C:4C02H         LINE#         163
  C:4C02H         LINE#         164
  C:4C0BH         LINE#         165
  C:4C10H         LINE#         167
  C:4C15H         LINE#         168
  C:4C18H         LINE#         170
  C:4C1AH         LINE#         171
BL51 BANKED LINKER/LOCATER V6.22                                                      06/07/2018  15:04:26  PAGE 15


  C:4C1DH         LINE#         173
  C:4C1FH         LINE#         174
  C:4C22H         LINE#         176
  C:4C2BH         LINE#         177
  C:4C30H         LINE#         179
  C:4C33H         LINE#         180
  C:4C3AH         LINE#         182
  C:4C41H         LINE#         183
  -------         ENDPROC       IOINIT
  -------         ENDMOD        IO

  -------         MODULE        TIMER
  C:0000H         SYMBOL        _ICE_DUMMY_
  D:0080H         PUBLIC        P0
  D:0090H         PUBLIC        P1
  D:00A0H         PUBLIC        P2
  D:00B0H         PUBLIC        P3
  D:00C0H         PUBLIC        P4
  D:00C8H         PUBLIC        P5
  D:00A8H         PUBLIC        IE
  C:5012H         PUBLIC        _TimerStart
  D:00B8H         PUBLIC        IP
  C:51AAH         PUBLIC        InitTimer
  D:00D8H         PUBLIC        CCON
  D:0098H         PUBLIC        SCON
  D:0089H         PUBLIC        TMOD
  D:0088H         PUBLIC        TCON
  D:008EH         PUBLIC        AUXR
  D:008CH         PUBLIC        TH0
  D:008DH         PUBLIC        TH1
  D:008AH         PUBLIC        TL0
  D:008BH         PUBLIC        TL1
  C:517EH         PUBLIC        _SetTimerCnt
  C:4E54H         PUBLIC        _TimerConfig
  D:00D0H         PUBLIC        PSW
  -------         PROC          _SETTIMERCNT
  D:0007H         SYMBOL        Tnum
  D:0004H         SYMBOL        Vlaue
  C:517EH         LINE#         5
  C:517EH         LINE#         6
  C:517EH         LINE#         7
  C:5181H         LINE#         8
  C:5181H         LINE#         9
  C:5183H         LINE#         10
  C:5185H         LINE#         11
  C:5186H         LINE#         12
  C:5189H         LINE#         13
  C:5189H         LINE#         14
  C:518BH         LINE#         15
  C:518DH         LINE#         16
  C:518DH         LINE#         17
  -------         ENDPROC       _SETTIMERCNT
  -------         PROC          _TIMERCONFIG
  D:0006H         SYMBOL        Tnum
  C:4E54H         LINE#         19
  C:4E56H         LINE#         20
  C:4E56H         LINE#         21
BL51 BANKED LINKER/LOCATER V6.22                                                      06/07/2018  15:04:26  PAGE 16


  C:4E5AH         LINE#         22
  C:4E5AH         LINE#         23
  C:4E5DH         LINE#         24
  C:4E60H         LINE#         25
  C:4E63H         LINE#         26
  C:4E6CH         LINE#         27
  C:4E6CH         LINE#         28
  C:4E70H         LINE#         29
  C:4E70H         LINE#         30
  C:4E73H         LINE#         31
  C:4E76H         LINE#         32
  C:4E79H         LINE#         33
  C:4E82H         LINE#         34
  C:4E82H         LINE#         35
  -------         ENDPROC       _TIMERCONFIG
  -------         PROC          _TIMERSTART
  D:0007H         SYMBOL        Tnum
  D:0005H         SYMBOL        contr
  C:5012H         LINE#         37
  C:5012H         LINE#         38
  C:5012H         LINE#         39
  C:5016H         LINE#         40
  C:5016H         LINE#         41
  C:5019H         LINE#         42
  C:5019H         LINE#         43
  C:501CH         LINE#         44
  C:501EH         LINE#         45
  C:5021H         LINE#         46
  C:5021H         LINE#         47
  C:5024H         LINE#         48
  C:5024H         LINE#         49
  C:5024H         LINE#         51
  C:5028H         LINE#         52
  C:5028H         LINE#         53
  C:502BH         LINE#         54
  C:502BH         LINE#         55
  C:502EH         LINE#         56
  C:502FH         LINE#         57
  C:5032H         LINE#         58
  C:5032H         LINE#         59
  C:5035H         LINE#         60
  C:5035H         LINE#         61
  C:5035H         LINE#         62
  -------         ENDPROC       _TIMERSTART
  -------         PROC          INITTIMER
  C:51AAH         LINE#         64
  C:51AAH         LINE#         65
  C:51AAH         LINE#         66
  C:51AFH         LINE#         67
  -------         ENDPROC       INITTIMER
  -------         ENDMOD        TIMER

  -------         MODULE        GLOBAL
  C:0000H         SYMBOL        _ICE_DUMMY_
  X:034AH         PUBLIC        GlabalTimeCnt
  D:0080H         PUBLIC        P0
  D:0090H         PUBLIC        P1
BL51 BANKED LINKER/LOCATER V6.22                                                      06/07/2018  15:04:26  PAGE 17


  D:00A0H         PUBLIC        P2
  D:00B0H         PUBLIC        P3
  D:00C0H         PUBLIC        P4
  D:00C8H         PUBLIC        P5
  C:4F3CH         PUBLIC        _CreatTask
  D:00A8H         PUBLIC        IE
  C:516CH         PUBLIC        _Delay_1p8us
  C:5117H         PUBLIC        _TaskStatCheck
  C:518EH         PUBLIC        _FaultChk
  D:00B8H         PUBLIC        IP
  C:4EB2H         PUBLIC        _TaskPend
  X:034EH         PUBLIC        TaskManaTble
  C:000EH         PUBLIC        _ClrFault
  D:00D8H         PUBLIC        CCON
  C:0003H         PUBLIC        _SetFault
  B:0020H.6       PUBLIC        NeedStarMotor
  D:0098H         PUBLIC        SCON
  D:0088H         PUBLIC        TCON
  X:035DH         PUBLIC        StartMotorTime
  C:4A26H         PUBLIC        _usMBCRC16
  C:5096H         PUBLIC        _InterruptControl
  D:00AFH         PUBLIC        IE2
  C:2CECH         PUBLIC        aucCRCHi
  X:035FH         PUBLIC        tbComUseBuf
  C:2DECH         PUBLIC        aucCRCLo
  C:4F95H         PUBLIC        _ASCIIConvert
  D:0057H         PUBLIC        wFaultRecord
  X:039BH         PUBLIC        GlabalTimeTemp
  D:00D0H         PUBLIC        PSW
  -------         PROC          _USMBCRC16
  D:003BH         SYMBOL        pucFrame
  D:003EH         SYMBOL        usLen
  -------         DO            
  D:0040H         SYMBOL        ucCRCHi
  D:0005H         SYMBOL        ucCRCLo
  D:0006H         SYMBOL        iIndex
  -------         ENDDO         
  C:4A26H         LINE#         65
  C:4A30H         LINE#         66
  C:4A30H         LINE#         67
  C:4A36H         LINE#         68
  C:4A38H         LINE#         71
  C:4A45H         LINE#         72
  C:4A45H         LINE#         73
  C:4A5AH         LINE#         74
  C:4A68H         LINE#         75
  C:4A79H         LINE#         76
  C:4A7BH         LINE#         77
  C:4A80H         LINE#         78
  -------         ENDPROC       _USMBCRC16
  -------         PROC          _TASKSTATCHECK
  D:0007H         SYMBOL        TaskNum
  -------         DO            
  D:0001H         SYMBOL        Temp
  -------         ENDDO         
  C:5117H         LINE#         84
  C:5117H         LINE#         85
BL51 BANKED LINKER/LOCATER V6.22                                                      06/07/2018  15:04:26  PAGE 18


  C:5117H         LINE#         88
  C:5126H         LINE#         90
  C:512DH         LINE#         91
  -------         ENDPROC       _TASKSTATCHECK
  -------         PROC          _TASKPEND
  D:0007H         SYMBOL        TaskNum
  -------         DO            
  D:0001H         SYMBOL        Temp
  -------         ENDDO         
  C:4EB2H         LINE#         93
  C:4EB2H         LINE#         94
  C:4EB2H         LINE#         97
  C:4EC1H         LINE#         98
  C:4ECAH         LINE#         99
  C:4ECAH         LINE#         100
  C:4ED1H         LINE#         101
  C:4EDFH         LINE#         102
  C:4EDFH         LINE#         103
  -------         ENDPROC       _TASKPEND
  -------         PROC          _CREATTASK
  D:0007H         SYMBOL        TaskNum
  D:0022H         SYMBOL        Periods
  -------         DO            
  D:0001H         SYMBOL        Temp
  -------         ENDDO         
  C:4F3CH         LINE#         105
  C:4F40H         LINE#         106
  C:4F40H         LINE#         108
  C:4F4FH         LINE#         109
  C:4F57H         LINE#         110
  C:4F62H         LINE#         111
  -------         ENDPROC       _CREATTASK
  -------         PROC          _INTERRUPTCONTROL
  D:0006H         SYMBOL        IntNum
  B:0020H.3       SYMBOL        Contr
  C:5096H         LINE#         116
  C:5096H         LINE#         117
  C:5096H         LINE#         118
  C:5099H         LINE#         119
  C:5099H         LINE#         120
  C:509CH         LINE#         121
  C:50A1H         LINE#         122
  C:50A2H         LINE#         123
  C:50A5H         LINE#         124
  C:50A5H         LINE#         125
  C:50A9H         LINE#         126
  C:50AFH         LINE#         127
  C:50AFH         LINE#         128
  -------         ENDPROC       _INTERRUPTCONTROL
  -------         PROC          _SETFAULT
  D:0006H         SYMBOL        Fault
  C:0003H         LINE#         131
  C:0003H         LINE#         132
  C:0003H         LINE#         133
  C:0009H         LINE#         134
  -------         ENDPROC       _SETFAULT
  -------         PROC          _CLRFAULT
BL51 BANKED LINKER/LOCATER V6.22                                                      06/07/2018  15:04:26  PAGE 19


  D:0006H         SYMBOL        Fault
  C:000EH         LINE#         136
  C:000EH         LINE#         137
  C:000EH         LINE#         138
  C:001AH         LINE#         139
  -------         ENDPROC       _CLRFAULT
  -------         PROC          _FAULTCHK
  D:0006H         SYMBOL        Fault
  C:518EH         LINE#         141
  C:518EH         LINE#         142
  C:518EH         LINE#         143
  C:5198H         LINE#         144
  C:5198H         LINE#         145
  C:519AH         LINE#         146
  C:519AH         LINE#         148
  C:519CH         LINE#         149
  -------         ENDPROC       _FAULTCHK
  -------         PROC          _ASCIICONVERT
  D:0007H         SYMBOL        symbol
  D:0005H         SYMBOL        Type
  C:4F95H         LINE#         151
  C:4F95H         LINE#         152
  C:4F95H         LINE#         153
  C:4F98H         LINE#         154
  C:4F98H         LINE#         155
  C:4FA4H         LINE#         156
  C:4FA4H         LINE#         157
  C:4FAAH         LINE#         158
  C:4FAAH         LINE#         159
  C:4FAAH         LINE#         160
  C:4FADH         LINE#         161
  C:4FADH         LINE#         162
  C:4FB9H         LINE#         163
  C:4FB9H         LINE#         164
  C:4FBEH         LINE#         165
  C:4FBEH         LINE#         166
  C:4FBEH         LINE#         168
  C:4FC0H         LINE#         169
  -------         ENDPROC       _ASCIICONVERT
  -------         PROC          _DELAY_1P8US
  D:0006H         SYMBOL        wDelayTime
  -------         DO            
  D:0004H         SYMBOL        m
  -------         ENDDO         
  C:516CH         LINE#         174
  C:516CH         LINE#         175
  C:516CH         LINE#         177
  C:517DH         LINE#         178
  -------         ENDPROC       _DELAY_1P8US
  -------         ENDMOD        GLOBAL

  -------         MODULE        USERTASK
  C:0000H         SYMBOL        _ICE_DUMMY_
  D:0080H         PUBLIC        P0
  D:0090H         PUBLIC        P1
  D:00A0H         PUBLIC        P2
  D:00B0H         PUBLIC        P3
BL51 BANKED LINKER/LOCATER V6.22                                                      06/07/2018  15:04:26  PAGE 20


  D:00C0H         PUBLIC        P4
  D:00C8H         PUBLIC        P5
  C:4D43H         PUBLIC        MCU_LED_Contr
  D:00A8H         PUBLIC        IE
  C:3FC5H         PUBLIC        MoterContr
  D:00B8H         PUBLIC        IP
  D:00D8H         PUBLIC        CCON
  C:0026H         PUBLIC        _UserTasks
  D:0098H         PUBLIC        SCON
  D:0088H         PUBLIC        TCON
  C:2015H         PUBLIC        AtituCtrMotor
  C:379FH         PUBLIC        TimeCtrMotor
  C:3C1CH         PUBLIC        MostAtiJuge
  C:4887H         PUBLIC        UserBlWriteChk
  D:00D0H         PUBLIC        PSW
  -------         PROC          ATITUCTRMOTOR
  -------         DO            
  D:0050H         SYMBOL        High1MotorFlg
  D:0051H         SYMBOL        High2MotorFlg
  D:0052H         SYMBOL        High3MotorFlg
  X:03D6H         SYMBOL        Grp1HighOld
  X:03DAH         SYMBOL        Grp2HighOld
  X:03DEH         SYMBOL        Grp3HighOld
  X:03E2H         SYMBOL        Grp1HTimeTemp
  X:03E6H         SYMBOL        Grp2HTimeTemp
  X:03EAH         SYMBOL        Grp3HTimeTemp
  D:0023H         SYMBOL        HighTemp
  -------         ENDDO         
  C:2015H         LINE#         8
  C:2015H         LINE#         9
  C:2015H         LINE#         19
  C:201EH         LINE#         21
  C:2028H         LINE#         22
  C:2028H         LINE#         23
  C:2039H         LINE#         25
  C:2043H         LINE#         26
  C:2043H         LINE#         27
  C:206DH         LINE#         28
  C:206DH         LINE#         29
  C:2071H         LINE#         30
  C:2071H         LINE#         31
  C:2074H         LINE#         32
  C:2074H         LINE#         33
  C:2076H         LINE#         34
  C:207DH         LINE#         35
  C:207DH         LINE#         36
  C:20AAH         LINE#         37
  C:20AAH         LINE#         38
  C:20CCH         LINE#         39
  C:20CCH         LINE#         40
  C:20CEH         LINE#         42
  C:20D5H         LINE#         43
  C:20D5H         LINE#         44
  C:20E9H         LINE#         45
  C:20E9H         LINE#         46
  C:20E9H         LINE#         47
  C:20EBH         LINE#         55
BL51 BANKED LINKER/LOCATER V6.22                                                      06/07/2018  15:04:26  PAGE 21


  C:20EBH         LINE#         56
  C:20EEH         LINE#         57
  C:20EEH         LINE#         58
  C:20EEH         LINE#         60
  C:20F4H         LINE#         61
  C:20F4H         LINE#         62
  C:212BH         LINE#         63
  C:212BH         LINE#         64
  C:2132H         LINE#         65
  C:2134H         LINE#         67
  C:2134H         LINE#         68
  C:2137H         LINE#         69
  C:213EH         LINE#         70
  C:213EH         LINE#         71
  C:213EH         LINE#         73
  C:2152H         LINE#         74
  C:2152H         LINE#         76
  C:215CH         LINE#         77
  C:215CH         LINE#         78
  C:216DH         LINE#         80
  C:2177H         LINE#         81
  C:2177H         LINE#         82
  C:21A1H         LINE#         83
  C:21A1H         LINE#         84
  C:21A5H         LINE#         85
  C:21A5H         LINE#         86
  C:21A8H         LINE#         87
  C:21A8H         LINE#         88
  C:21AAH         LINE#         89
  C:21B1H         LINE#         90
  C:21B1H         LINE#         91
  C:21DEH         LINE#         92
  C:21DEH         LINE#         93
  C:2200H         LINE#         94
  C:2200H         LINE#         95
  C:2202H         LINE#         97
  C:2209H         LINE#         98
  C:2209H         LINE#         99
  C:221DH         LINE#         100
  C:221DH         LINE#         101
  C:221DH         LINE#         102
  C:221FH         LINE#         110
  C:221FH         LINE#         111
  C:2222H         LINE#         112
  C:2222H         LINE#         113
  C:2222H         LINE#         115
  C:2228H         LINE#         116
  C:2228H         LINE#         117
  C:225FH         LINE#         118
  C:225FH         LINE#         119
  C:2266H         LINE#         120
  C:2268H         LINE#         122
  C:2268H         LINE#         123
  C:226BH         LINE#         124
  C:2272H         LINE#         125
  C:2272H         LINE#         126
  C:2272H         LINE#         128
BL51 BANKED LINKER/LOCATER V6.22                                                      06/07/2018  15:04:26  PAGE 22


  C:2286H         LINE#         129
  C:2286H         LINE#         131
  C:2290H         LINE#         132
  C:2290H         LINE#         133
  C:22A1H         LINE#         135
  C:22ABH         LINE#         136
  C:22ABH         LINE#         137
  C:22D5H         LINE#         138
  C:22D5H         LINE#         139
  C:22D9H         LINE#         140
  C:22D9H         LINE#         141
  C:22DCH         LINE#         142
  C:22DCH         LINE#         143
  C:22DEH         LINE#         144
  C:22E5H         LINE#         145
  C:22E5H         LINE#         146
  C:2312H         LINE#         147
  C:2312H         LINE#         148
  C:2334H         LINE#         149
  C:2334H         LINE#         150
  C:2336H         LINE#         152
  C:233DH         LINE#         153
  C:233DH         LINE#         154
  C:2351H         LINE#         155
  C:2351H         LINE#         156
  C:2351H         LINE#         157
  C:2353H         LINE#         165
  C:2353H         LINE#         166
  C:2356H         LINE#         167
  C:2356H         LINE#         168
  C:2356H         LINE#         170
  C:235CH         LINE#         171
  C:235CH         LINE#         172
  C:2393H         LINE#         173
  C:2393H         LINE#         174
  C:239AH         LINE#         175
  C:239CH         LINE#         177
  C:239CH         LINE#         178
  C:239FH         LINE#         179
  C:23A6H         LINE#         180
  C:23A6H         LINE#         181
  C:23A6H         LINE#         183
  C:23BAH         LINE#         184
  C:23BAH         LINE#         185
  -------         ENDPROC       ATITUCTRMOTOR
  -------         PROC          TIMECTRMOTOR
  C:379FH         LINE#         187
  C:379FH         LINE#         188
  C:379FH         LINE#         189
  C:37A6H         LINE#         190
  C:37A6H         LINE#         191
  C:37FEH         LINE#         192
  C:37FEH         LINE#         193
  C:3805H         LINE#         194
  C:3807H         LINE#         196
  C:3807H         LINE#         197
  C:380EH         LINE#         198
BL51 BANKED LINKER/LOCATER V6.22                                                      06/07/2018  15:04:26  PAGE 23


  C:380EH         LINE#         199
  C:380EH         LINE#         200
  C:3815H         LINE#         201
  C:3815H         LINE#         202
  C:386DH         LINE#         203
  C:386DH         LINE#         204
  C:3874H         LINE#         205
  C:3876H         LINE#         207
  C:3876H         LINE#         208
  C:387DH         LINE#         209
  C:387DH         LINE#         210
  C:387DH         LINE#         211
  C:3884H         LINE#         212
  C:3884H         LINE#         213
  C:38DCH         LINE#         214
  C:38DCH         LINE#         215
  C:38E3H         LINE#         216
  C:38E3H         LINE#         218
  C:38E3H         LINE#         219
  C:38EAH         LINE#         220
  C:38EAH         LINE#         221
  C:38EAH         LINE#         222
  -------         ENDPROC       TIMECTRMOTOR
  -------         PROC          MOTERCONTR
  -------         DO            
  B:0020H.0       SYMBOL        MotorStarFlg
  X:03EEH         SYMBOL        FaultStrMotor
  -------         ENDDO         
  C:3FC5H         LINE#         224
  C:3FC5H         LINE#         225
  C:3FC5H         LINE#         229
  C:3FC8H         LINE#         231
  C:3FCBH         LINE#         233
  C:3FD5H         LINE#         234
  C:3FD5H         LINE#         235
  C:3FE3H         LINE#         237
  C:3FFBH         LINE#         238
  C:3FFBH         LINE#         239
  C:4002H         LINE#         240
  C:4004H         LINE#         241
  C:4013H         LINE#         242
  C:4013H         LINE#         243
  C:401AH         LINE#         244
  C:4021H         LINE#         245
  C:4021H         LINE#         246
  C:4021H         LINE#         248
  C:4024H         LINE#         249
  C:4024H         LINE#         250
  C:4026H         LINE#         251
  C:4028H         LINE#         252
  C:403CH         LINE#         253
  C:403CH         LINE#         255
  C:403FH         LINE#         256
  C:403FH         LINE#         257
  C:4076H         LINE#         258
  C:4076H         LINE#         259
  C:407DH         LINE#         260
BL51 BANKED LINKER/LOCATER V6.22                                                      06/07/2018  15:04:26  PAGE 24


  C:407DH         LINE#         262
  C:407DH         LINE#         263
  C:407FH         LINE#         264
  C:4089H         LINE#         265
  C:4090H         LINE#         266
  C:4097H         LINE#         267
  C:4097H         LINE#         268
  C:4097H         LINE#         269
  -------         ENDPROC       MOTERCONTR
  -------         PROC          MCU_LED_CONTR
  -------         DO            
  D:0053H         SYMBOL        LedCnt
  -------         ENDDO         
  C:4D43H         LINE#         270
  C:4D43H         LINE#         271
  C:4D43H         LINE#         274
  C:4D4DH         LINE#         275
  C:4D4DH         LINE#         276
  C:4D4FH         LINE#         277
  C:4D54H         LINE#         278
  C:4D54H         LINE#         279
  C:4D54H         LINE#         280
  C:4D56H         LINE#         281
  C:4D5DH         LINE#         282
  C:4D5DH         LINE#         283
  C:4D5DH         LINE#         284
  C:4D5DH         LINE#         285
  C:4D5DH         LINE#         286
  C:4D5FH         LINE#         288
  C:4D5FH         LINE#         289
  C:4D61H         LINE#         290
  C:4D66H         LINE#         291
  C:4D66H         LINE#         292
  C:4D6DH         LINE#         293
  C:4D6DH         LINE#         294
  C:4D74H         LINE#         295
  C:4D74H         LINE#         296
  C:4D77H         LINE#         297
  C:4D7EH         LINE#         298
  C:4D7EH         LINE#         299
  C:4D7EH         LINE#         300
  -------         ENDPROC       MCU_LED_CONTR
  -------         PROC          MOSTATIJUGE
  -------         DO            
  X:03F0H         SYMBOL        AtiCompCnt
  X:03F1H         SYMBOL        WrtUseBlkCnt
  X:03F2H         SYMBOL        AtiRecorOld
  X:03F6H         SYMBOL        GlobalTimeTem
  B:0020H.1       SYMBOL        WriteUseBlk
  B:0020H.2       SYMBOL        flag
  -------         ENDDO         
  C:3C1CH         LINE#         301
  C:3C1CH         LINE#         302
  C:3C1CH         LINE#         310
  C:3C41H         LINE#         311
  C:3C41H         LINE#         312
  C:3C44H         LINE#         313
BL51 BANKED LINKER/LOCATER V6.22                                                      06/07/2018  15:04:26  PAGE 25


  C:3C44H         LINE#         314
  C:3C46H         LINE#         315
  C:3C4BH         LINE#         316
  C:3C5FH         LINE#         317
  C:3C62H         LINE#         318
  C:3C68H         LINE#         319
  C:3C68H         LINE#         320
  C:3C95H         LINE#         321
  C:3C95H         LINE#         322
  C:3CB7H         LINE#         323
  C:3CB7H         LINE#         324
  C:3CBDH         LINE#         325
  C:3CC3H         LINE#         326
  C:3CC3H         LINE#         327
  C:3CC5H         LINE#         328
  C:3CC7H         LINE#         329
  C:3CDBH         LINE#         330
  C:3CE0H         LINE#         331
  C:3CE2H         LINE#         332
  C:3CE2H         LINE#         333
  C:3CE2H         LINE#         334
  C:3CE4H         LINE#         343
  C:3CE4H         LINE#         344
  C:3CE6H         LINE#         345
  C:3CEBH         LINE#         346
  C:3CEBH         LINE#         348
  C:3CEEH         LINE#         349
  C:3CEEH         LINE#         350
  C:3CF4H         LINE#         351
  C:3CFAH         LINE#         352
  C:3CFAH         LINE#         353
  C:3CFCH         LINE#         354
  C:3CFEH         LINE#         355
  C:3D01H         LINE#         356
  C:3D01H         LINE#         357
  C:3D01H         LINE#         359
  -------         ENDPROC       MOSTATIJUGE
  -------         PROC          USERBLWRITECHK
  -------         DO            
  X:03FAH         SYMBOL        TenMinCnt
  X:03FCH         SYMBOL        FaultOld
  -------         ENDDO         
  C:4887H         LINE#         361
  C:4887H         LINE#         362
  C:4887H         LINE#         366
  C:488AH         LINE#         368
  C:4899H         LINE#         369
  C:4899H         LINE#         370
  C:489DH         LINE#         371
  C:48B1H         LINE#         372
  C:48B4H         LINE#         373
  C:48B6H         LINE#         375
  C:48B6H         LINE#         376
  C:48C4H         LINE#         377
  C:48C4H         LINE#         379
  C:48D8H         LINE#         380
  C:48D8H         LINE#         381
BL51 BANKED LINKER/LOCATER V6.22                                                      06/07/2018  15:04:26  PAGE 26


  C:48E4H         LINE#         382
  C:48EEH         LINE#         383
  C:48F1H         LINE#         384
  C:48F1H         LINE#         385
  -------         ENDPROC       USERBLWRITECHK
  -------         PROC          _USERTASKS
  D:0022H         SYMBOL        TaskNum
  C:0026H         LINE#         386
  C:0028H         LINE#         387
  C:0028H         LINE#         388
  C:002EH         LINE#         390
  C:0031H         LINE#         392
  C:0034H         LINE#         394
  C:0037H         LINE#         396
  C:003AH         LINE#         398
  C:003DH         LINE#         400
  C:0042H         LINE#         401
  -------         ENDPROC       _USERTASKS
  -------         ENDMOD        USERTASK

  -------         MODULE        EEPROM
  C:0000H         SYMBOL        _ICE_DUMMY_
  D:0080H         PUBLIC        P0
  D:0090H         PUBLIC        P1
  D:00A0H         PUBLIC        P2
  D:00B0H         PUBLIC        P3
  D:00C0H         PUBLIC        P4
  D:00C8H         PUBLIC        P5
  D:00A8H         PUBLIC        IE
  D:00C5H         PUBLIC        IAP_CMD
  D:00B8H         PUBLIC        IP
  D:00C3H         PUBLIC        IAP_ADDRH
  C:4D06H         PUBLIC        _IAP_EraseSector
  D:00C4H         PUBLIC        IAP_ADDRL
  D:00D8H         PUBLIC        CCON
  C:512EH         PUBLIC        _IAP_ProgramByte
  C:4FEBH         PUBLIC        ChkIfNeedWrtEpr
  X:039FH         PUBLIC        sUserInfoEE
  D:0098H         PUBLIC        SCON
  D:0088H         PUBLIC        TCON
  C:4098H         PUBLIC        EEprDtInit
  D:00C7H         PUBLIC        IAP_CONTR
  C:3650H         PUBLIC        _ReadEEPrData
  C:50B3H         PUBLIC        _IAP_ReadByte
  D:00C2H         PUBLIC        IAP_DATA
  C:519DH         PUBLIC        IAP_Exit
  C:51C0H         PUBLIC        PowerOnReadEE
  C:28DEH         PUBLIC        _WriteEEPrData
  X:03A9H         PUBLIC        sDeviceInfoEE
  C:48F2H         PUBLIC        CheckIfNewMcu
  D:005AH         PUBLIC        EprNeedWrt
  D:00C6H         PUBLIC        IAP_TRIG
  D:00D0H         PUBLIC        PSW
  -------         PROC          IAP_EXIT
  C:519DH         LINE#         45
  C:519DH         LINE#         46
  C:519DH         LINE#         47
BL51 BANKED LINKER/LOCATER V6.22                                                      06/07/2018  15:04:26  PAGE 27


  C:51A0H         LINE#         48
  C:51A2H         LINE#         49
  C:51A4H         LINE#         50
  C:51A7H         LINE#         51
  C:51A9H         LINE#         52
  -------         ENDPROC       IAP_EXIT
  -------         PROC          L?0115
  -------         ENDPROC       L?0115
  -------         PROC          _IAP_READBYTE
  D:0006H         SYMBOL        Addr
  -------         DO            
  D:0007H         SYMBOL        DataTemp
  -------         ENDDO         
  C:50B3H         LINE#         54
  C:50B3H         LINE#         55
  C:50B3H         LINE#         58
  C:50B6H         LINE#         59
  C:50B9H         LINE#         60
  C:50BBH         LINE#         61
  C:50BDH         LINE#         62
  C:50C0H         LINE#         63
  C:50C3H         LINE#         64
  C:50C4H         LINE#         65
  C:50C6H         LINE#         66
  C:50C9H         LINE#         67
  C:50C9H         LINE#         68
  -------         ENDPROC       _IAP_READBYTE
  -------         PROC          _IAP_PROGRAMBYTE
  D:0006H         SYMBOL        Addr
  D:0005H         SYMBOL        Dat
  C:512EH         LINE#         70
  C:512EH         LINE#         71
  C:512EH         LINE#         72
  C:5131H         LINE#         73
  C:5134H         LINE#         74
  C:5136H         LINE#         75
  C:5138H         LINE#         76
  C:513AH         LINE#         77
  C:513DH         LINE#         78
  C:5140H         LINE#         79
  C:5141H         LINE#         80
  -------         ENDPROC       _IAP_PROGRAMBYTE
  -------         PROC          _IAP_ERASESECTOR
  D:0004H         SYMBOL        SectorAddr
  -------         DO            
  D:0002H         SYMBOL        i
  -------         ENDDO         
  C:4D06H         LINE#         83
  C:4D0AH         LINE#         84
  C:4D0AH         LINE#         87
  C:4D0DH         LINE#         88
  C:4D10H         LINE#         89
  C:4D12H         LINE#         90
  C:4D14H         LINE#         91
  C:4D17H         LINE#         92
  C:4D1AH         LINE#         93
  C:4D1BH         LINE#         94
BL51 BANKED LINKER/LOCATER V6.22                                                      06/07/2018  15:04:26  PAGE 28


  C:4D1CH         LINE#         95
  C:4D1DH         LINE#         96
  C:4D20H         LINE#         98
  C:4D23H         LINE#         99
  C:4D23H         LINE#         100
  C:4D30H         LINE#         101
  C:4D30H         LINE#         102
  C:4D33H         LINE#         103
  C:4D33H         LINE#         105
  C:4D40H         LINE#         107
  C:4D42H         LINE#         108
  -------         ENDPROC       _IAP_ERASESECTOR
  -------         PROC          _READEEPRDATA
  D:0025H         SYMBOL        Block
  -------         DO            
  D:0026H         SYMBOL        PStruct
  D:0029H         SYMBOL        bResult
  D:002AH         SYMBOL        i
  D:002CH         SYMBOL        wCrcChk
  -------         ENDDO         
  C:3650H         LINE#         110
  C:3652H         LINE#         111
  C:3652H         LINE#         113
  C:3655H         LINE#         115
  C:3659H         LINE#         117
  C:365BH         LINE#         119
  C:3663H         LINE#         120
  C:3663H         LINE#         121
  C:366AH         LINE#         123
  C:3673H         LINE#         124
  C:3678H         LINE#         125
  C:3678H         LINE#         126
  C:368DH         LINE#         127
  C:369EH         LINE#         128
  C:36AFH         LINE#         129
  C:36C4H         LINE#         130
  C:36C4H         LINE#         131
  C:36C7H         LINE#         132
  C:36C9H         LINE#         134
  C:36C9H         LINE#         135
  C:36CEH         LINE#         136
  C:36CEH         LINE#         137
  C:36EAH         LINE#         138
  C:36F8H         LINE#         139
  C:36F8H         LINE#         141
  C:36FDH         LINE#         142
  C:36FDH         LINE#         143
  C:3704H         LINE#         144
  C:3704H         LINE#         145
  C:3704H         LINE#         147
  C:370CH         LINE#         148
  C:370CH         LINE#         149
  C:3715H         LINE#         150
  C:371AH         LINE#         151
  C:371AH         LINE#         152
  C:3731H         LINE#         153
  C:3742H         LINE#         154
BL51 BANKED LINKER/LOCATER V6.22                                                      06/07/2018  15:04:26  PAGE 29


  C:3753H         LINE#         155
  C:3768H         LINE#         156
  C:3768H         LINE#         157
  C:376BH         LINE#         158
  C:376DH         LINE#         160
  C:376DH         LINE#         161
  C:3772H         LINE#         162
  C:3772H         LINE#         163
  C:378EH         LINE#         164
  C:379CH         LINE#         165
  C:379CH         LINE#         166
  C:379CH         LINE#         168
  C:379EH         LINE#         169
  -------         ENDPROC       _READEEPRDATA
  -------         PROC          _WRITEEEPRDATA
  D:0025H         SYMBOL        Block
  -------         DO            
  D:0026H         SYMBOL        PStruct
  D:0029H         SYMBOL        bTimes
  D:002AH         SYMBOL        bResult
  D:002BH         SYMBOL        i
  D:002DH         SYMBOL        wCrcChk
  -------         ENDDO         
  C:28DEH         LINE#         171
  C:28E0H         LINE#         172
  C:28E0H         LINE#         174
  C:28E3H         LINE#         175
  C:28E5H         LINE#         177
  C:28E9H         LINE#         179
  C:28EBH         LINE#         181
  C:28F3H         LINE#         182
  C:28F3H         LINE#         183
  C:28FAH         LINE#         185
  C:2903H         LINE#         186
  C:2908H         LINE#         187
  C:2908H         LINE#         188
  C:2926H         LINE#         189
  C:2934H         LINE#         190
  C:2945H         LINE#         191
  C:294BH         LINE#         192
  C:294EH         LINE#         194
  C:2951H         LINE#         195
  C:2951H         LINE#         196
  C:295AH         LINE#         197
  C:295AH         LINE#         198
  C:295DH         LINE#         199
  C:295FH         LINE#         200
  C:295FH         LINE#         202
  C:295FH         LINE#         203
  C:2962H         LINE#         204
  C:2962H         LINE#         205
  C:296BH         LINE#         207
  C:2970H         LINE#         208
  C:2970H         LINE#         209
  C:2973H         LINE#         210
  C:2973H         LINE#         211
  C:2978H         LINE#         212
BL51 BANKED LINKER/LOCATER V6.22                                                      06/07/2018  15:04:26  PAGE 30


  C:2978H         LINE#         213
  C:298DH         LINE#         214
  C:299EH         LINE#         216
  C:29A3H         LINE#         217
  C:29A3H         LINE#         218
  C:29BAH         LINE#         219
  C:29BAH         LINE#         220
  C:29BDH         LINE#         221
  C:29BFH         LINE#         222
  C:29BFH         LINE#         224
  C:29BFH         LINE#         225
  C:29C2H         LINE#         226
  C:29C2H         LINE#         227
  C:29D3H         LINE#         228
  C:29D8H         LINE#         229
  C:29D8H         LINE#         230
  C:29D8H         LINE#         231
  C:29D8H         LINE#         232
  C:29E1H         LINE#         233
  C:29E1H         LINE#         235
  C:29E9H         LINE#         236
  C:29E9H         LINE#         237
  C:29F0H         LINE#         238
  C:29F0H         LINE#         239
  C:29F0H         LINE#         241
  C:29F8H         LINE#         242
  C:29F8H         LINE#         243
  C:2A01H         LINE#         244
  C:2A06H         LINE#         245
  C:2A06H         LINE#         246
  C:2A24H         LINE#         247
  C:2A32H         LINE#         248
  C:2A43H         LINE#         249
  C:2A49H         LINE#         250
  C:2A4CH         LINE#         252
  C:2A4FH         LINE#         253
  C:2A4FH         LINE#         254
  C:2A59H         LINE#         255
  C:2A59H         LINE#         256
  C:2A5CH         LINE#         257
  C:2A5EH         LINE#         258
  C:2A5EH         LINE#         260
  C:2A5EH         LINE#         261
  C:2A61H         LINE#         262
  C:2A61H         LINE#         263
  C:2A6AH         LINE#         265
  C:2A6FH         LINE#         266
  C:2A6FH         LINE#         267
  C:2A72H         LINE#         268
  C:2A72H         LINE#         269
  C:2A77H         LINE#         270
  C:2A77H         LINE#         271
  C:2A91H         LINE#         272
  C:2AA2H         LINE#         274
  C:2AA7H         LINE#         275
  C:2AA7H         LINE#         276
  C:2AC0H         LINE#         277
BL51 BANKED LINKER/LOCATER V6.22                                                      06/07/2018  15:04:26  PAGE 31


  C:2AC0H         LINE#         278
  C:2AC3H         LINE#         279
  C:2AC5H         LINE#         280
  C:2AC5H         LINE#         282
  C:2AC5H         LINE#         283
  C:2AC8H         LINE#         284
  C:2AC8H         LINE#         285
  C:2AD9H         LINE#         286
  C:2ADEH         LINE#         287
  C:2ADEH         LINE#         288
  C:2ADEH         LINE#         289
  C:2ADEH         LINE#         290
  C:2AE7H         LINE#         291
  C:2AE7H         LINE#         292
  C:2AE7H         LINE#         294
  C:2AE9H         LINE#         295
  -------         ENDPROC       _WRITEEEPRDATA
  -------         PROC          EEPRDTINIT
  C:4098H         LINE#         297
  C:4098H         LINE#         298
  C:4098H         LINE#         299
  C:409EH         LINE#         300
  C:40A5H         LINE#         302
  C:40ADH         LINE#         303
  C:40B4H         LINE#         304
  C:40BCH         LINE#         305
  C:40C3H         LINE#         306
  C:40CBH         LINE#         307
  C:40D2H         LINE#         309
  C:40DAH         LINE#         310
  C:40DFH         LINE#         311
  C:40E7H         LINE#         312
  C:40ECH         LINE#         313
  C:40F4H         LINE#         314
  C:40F9H         LINE#         316
  C:4100H         LINE#         317
  C:4103H         LINE#         318
  C:4106H         LINE#         319
  C:4109H         LINE#         320
  C:410CH         LINE#         321
  C:410FH         LINE#         322
  C:4112H         LINE#         324
  C:4118H         LINE#         325
  C:411CH         LINE#         326
  C:4120H         LINE#         327
  C:4124H         LINE#         328
  C:4126H         LINE#         329
  C:412AH         LINE#         330
  C:412CH         LINE#         331
  C:4130H         LINE#         332
  C:4134H         LINE#         333
  C:4138H         LINE#         334
  C:413CH         LINE#         336
  C:4146H         LINE#         337
  C:4150H         LINE#         338
  C:4157H         LINE#         339
  -------         ENDPROC       EEPRDTINIT
BL51 BANKED LINKER/LOCATER V6.22                                                      06/07/2018  15:04:26  PAGE 32


  -------         PROC          CHECKIFNEWMCU
  -------         DO            
  D:0022H         SYMBOL        i
  D:0023H         SYMBOL        DevicBlkCnt
  D:0024H         SYMBOL        UserBlkCnt
  -------         ENDDO         
  C:48F2H         LINE#         341
  C:48F2H         LINE#         342
  C:48F2H         LINE#         344
  C:48F5H         LINE#         345
  C:48F7H         LINE#         347
  C:48FFH         LINE#         348
  C:48FFH         LINE#         349
  C:4904H         LINE#         350
  C:4906H         LINE#         352
  C:4906H         LINE#         353
  C:4909H         LINE#         354
  C:4909H         LINE#         355
  C:4913H         LINE#         356
  C:4913H         LINE#         357
  C:4915H         LINE#         358
  C:4915H         LINE#         360
  C:491CH         LINE#         361
  C:491CH         LINE#         362
  C:4921H         LINE#         363
  C:4921H         LINE#         364
  C:492AH         LINE#         365
  C:492AH         LINE#         367
  C:4932H         LINE#         368
  C:4932H         LINE#         369
  C:4932H         LINE#         370
  C:4934H         LINE#         372
  C:4934H         LINE#         373
  C:4937H         LINE#         374
  C:4937H         LINE#         375
  C:4945H         LINE#         376
  C:4945H         LINE#         377
  C:4947H         LINE#         378
  C:4947H         LINE#         379
  C:4950H         LINE#         380
  C:4957H         LINE#         381
  C:4957H         LINE#         382
  C:495CH         LINE#         383
  C:495CH         LINE#         384
  C:495CH         LINE#         385
  -------         ENDPROC       CHECKIFNEWMCU
  -------         PROC          POWERONREADEE
  C:51C0H         LINE#         387
  C:51C0H         LINE#         388
  C:51C0H         LINE#         389
  C:51C3H         LINE#         390
  -------         ENDPROC       POWERONREADEE
  -------         PROC          CHKIFNEEDWRTEPR
  -------         DO            
  D:0059H         SYMBOL        CycleCnt
  -------         ENDDO         
  C:4FEBH         LINE#         393
BL51 BANKED LINKER/LOCATER V6.22                                                      06/07/2018  15:04:26  PAGE 33


  C:4FEBH         LINE#         394
  C:4FEBH         LINE#         397
  C:4FF2H         LINE#         398
  C:4FF2H         LINE#         399
  C:4FF5H         LINE#         401
  C:4FF5H         LINE#         403
  C:4FF5H         LINE#         404
  C:4FF8H         LINE#         405
  C:4FF8H         LINE#         407
  C:4FFDH         LINE#         408
  C:4FFDH         LINE#         409
  C:5000H         LINE#         410
  C:5002H         LINE#         411
  C:5004H         LINE#         412
  C:5009H         LINE#         413
  C:5009H         LINE#         414
  C:500CH         LINE#         415
  C:5011H         LINE#         416
  C:5011H         LINE#         417
  -------         ENDPROC       CHKIFNEEDWRTEPR
  -------         ENDMOD        EEPROM

  -------         MODULE        ISR
  C:0000H         SYMBOL        _ICE_DUMMY_
  D:0080H         PUBLIC        P0
  D:0090H         PUBLIC        P1
  D:00A0H         PUBLIC        P2
  D:00B0H         PUBLIC        P3
  D:00C0H         PUBLIC        P4
  D:00C8H         PUBLIC        P5
  D:00A8H         PUBLIC        IE
  C:4422H         PUBLIC        InterComISR
  D:0054H         SYMBOL        bTickCnt
  D:00B8H         PUBLIC        IP
  C:44CDH         PUBLIC        ExterComISR
  C:4158H         PUBLIC        Timer0ISR
  D:00D8H         PUBLIC        CCON
  C:4B28H         PUBLIC        Timer1ISR
  D:0056H         SYMBOL        b1sCnt
  D:0099H         PUBLIC        SBUF
  D:0098H         PUBLIC        SCON
  D:0088H         PUBLIC        TCON
  B:0020H.7       SYMBOL        TickCntStart
  C:51B6H         PUBLIC        _delayN_Tick
  D:009BH         PUBLIC        S2BUF
  D:00D0H         PUBLIC        PSW
  -------         PROC          _DELAYN_TICK
  D:0006H         SYMBOL        bTickNum
  C:51B6H         LINE#         11
  C:51B6H         LINE#         12
  C:51B6H         LINE#         13
  C:51BAH         LINE#         14
  C:51BCH         LINE#         15
  C:51BFH         LINE#         16
  -------         ENDPROC       _DELAYN_TICK
  -------         PROC          TIMER0ISR
  -------         DO            
BL51 BANKED LINKER/LOCATER V6.22                                                      06/07/2018  15:04:26  PAGE 34


  D:0001H         SYMBOL        Temp
  D:0046H         SYMBOL        taskNum
  -------         ENDDO         
  C:4158H         LINE#         21
  C:4175H         LINE#         26
  C:417EH         LINE#         28
  C:4181H         LINE#         29
  C:4181H         LINE#         30
  C:4191H         LINE#         31
  C:4199H         LINE#         32
  C:4199H         LINE#         33
  C:41A3H         LINE#         34
  C:41ADH         LINE#         35
  C:41ADH         LINE#         36
  C:41B4H         LINE#         37
  C:41C2H         LINE#         38
  C:41C2H         LINE#         39
  C:41C2H         LINE#         40
  C:41C9H         LINE#         42
  C:41CCH         LINE#         43
  C:41CCH         LINE#         44
  C:41D7H         LINE#         45
  C:41D7H         LINE#         46
  C:41DFH         LINE#         47
  C:41E1H         LINE#         49
  C:41E1H         LINE#         50
  C:41E3H         LINE#         51
  C:41E3H         LINE#         52
  C:41E3H         LINE#         54
  C:41E9H         LINE#         55
  C:41E9H         LINE#         56
  C:41ECH         LINE#         57
  C:41F2H         LINE#         58
  C:41F2H         LINE#         59
  C:41F6H         LINE#         60
  C:41F9H         LINE#         61
  C:41FCH         LINE#         62
  C:41FCH         LINE#         63
  C:41FCH         LINE#         64
  -------         ENDPROC       TIMER0ISR
  -------         PROC          TIMER1ISR
  C:4B28H         LINE#         66
  C:4B35H         LINE#         68
  C:4B3EH         LINE#         69
  C:4B40H         LINE#         70
  C:4B47H         LINE#         71
  C:4B47H         LINE#         72
  C:4B4AH         LINE#         73
  C:4B69H         LINE#         74
  C:4B69H         LINE#         75
  -------         ENDPROC       TIMER1ISR
  -------         PROC          INTERCOMISR
  -------         DO            
  D:0047H         SYMBOL        bTemp
  -------         ENDDO         
  C:4422H         LINE#         80
  C:443FH         LINE#         84
BL51 BANKED LINKER/LOCATER V6.22                                                      06/07/2018  15:04:26  PAGE 35


  C:4448H         LINE#         85
  C:4448H         LINE#         86
  C:444FH         LINE#         88
  C:4459H         LINE#         89
  C:4459H         LINE#         90
  C:446CH         LINE#         91
  C:446FH         LINE#         92
  C:4471H         LINE#         94
  C:4471H         LINE#         95
  C:4474H         LINE#         96
  C:4474H         LINE#         97
  C:4478H         LINE#         98
  C:447CH         LINE#         99
  C:447CH         LINE#         101
  C:4485H         LINE#         102
  C:4485H         LINE#         103
  C:448CH         LINE#         105
  C:4495H         LINE#         106
  C:4495H         LINE#         107
  C:44A9H         LINE#         108
  C:44ACH         LINE#         109
  C:44AEH         LINE#         111
  C:44AEH         LINE#         112
  C:44B2H         LINE#         113
  C:44B2H         LINE#         114
  C:44B2H         LINE#         115
  -------         ENDPROC       INTERCOMISR
  -------         PROC          EXTERCOMISR
  -------         DO            
  D:0048H         SYMBOL        bTemp
  -------         ENDDO         
  C:44CDH         LINE#         156
  C:44EAH         LINE#         160
  C:44F3H         LINE#         161
  C:44F3H         LINE#         162
  C:44FAH         LINE#         163
  C:4503H         LINE#         164
  C:4503H         LINE#         165
  C:4517H         LINE#         166
  C:451AH         LINE#         167
  C:451CH         LINE#         168
[...]
  C:3DA7H         LINE#         876
  C:3DADH         LINE#         877
  C:3DB1H         LINE#         878
  C:3DB5H         LINE#         879
  C:3DB9H         LINE#         880
  C:3DBCH         LINE#         881
  C:3DBCH         LINE#         882
  C:3DBFH         LINE#         883
  C:3DC1H         LINE#         885
  C:3DC1H         LINE#         886
  C:3DC7H         LINE#         887
  C:3DCBH         LINE#         888
  C:3DCFH         LINE#         889
BL51 BANKED LINKER/LOCATER V6.22                                                      06/07/2018  15:04:26  PAGE 69


  C:3DD3H         LINE#         890
  C:3DD6H         LINE#         891
  C:3DD9H         LINE#         892
  C:3DDBH         LINE#         893
  C:3DDBH         LINE#         895
  C:3DDEH         LINE#         896
  C:3DE0H         LINE#         898
  C:3DE0H         LINE#         899
  C:3DE6H         LINE#         900
  C:3DE8H         LINE#         901
  C:3DEAH         LINE#         902
  C:3DECH         LINE#         903
  C:3DEFH         LINE#         904
  C:3DF2H         LINE#         905
  C:3DF4H         LINE#         906
  C:3E09H         LINE#         907
  C:3E09H         LINE#         908
  -------         ENDPROC       BALLOONSTACHK
  -------         PROC          BALONGOBACKCHK
  -------         DO            
  D:0018H         SYMBOL        MsgSendRecor
  D:0019H         SYMBOL        StaticCnt
  D:001AH         SYMBOL        BackChkCnt
  B:0021H.0       SYMBOL        Flag
  -------         ENDDO         
  C:3095H         LINE#         910
  C:3095H         LINE#         911
  C:3095H         LINE#         917
  C:309CH         LINE#         918
  C:309CH         LINE#         919
  C:309FH         LINE#         921
  C:309FH         LINE#         923
  C:309FH         LINE#         924
  C:30A2H         LINE#         925
  C:30A2H         LINE#         927
  C:30D2H         LINE#         928
  C:30D2H         LINE#         929
  C:30DAH         LINE#         930
  C:30DAH         LINE#         931
  C:30DDH         LINE#         933
  C:30E0H         LINE#         934
  C:30E3H         LINE#         935
  C:30E3H         LINE#         936
  C:30E3H         LINE#         937
  C:30E3H         LINE#         938
  C:30E5H         LINE#         939
  C:3115H         LINE#         940
  C:3115H         LINE#         941
  C:311AH         LINE#         942
  C:311AH         LINE#         943
  C:311DH         LINE#         945
  C:3120H         LINE#         946
  C:3123H         LINE#         947
  C:3123H         LINE#         948
  C:3123H         LINE#         949
  C:3123H         LINE#         950
  C:3125H         LINE#         951
BL51 BANKED LINKER/LOCATER V6.22                                                      06/07/2018  15:04:26  PAGE 70


  C:313FH         LINE#         952
  C:313FH         LINE#         953
  C:3144H         LINE#         954
  C:3144H         LINE#         955
  C:3147H         LINE#         957
  C:314AH         LINE#         958
  C:314DH         LINE#         959
  C:3150H         LINE#         960
  C:3150H         LINE#         961
  C:3150H         LINE#         962
  C:3152H         LINE#         963
  C:3176H         LINE#         964
  C:3176H         LINE#         965
  C:3179H         LINE#         966
  C:3179H         LINE#         967
  C:317BH         LINE#         968
  C:317EH         LINE#         969
  C:317EH         LINE#         970
  C:317EH         LINE#         972
  C:31A9H         LINE#         973
  C:31A9H         LINE#         974
  C:31ABH         LINE#         975
  C:31B2H         LINE#         976
  C:31B2H         LINE#         977
  C:31B5H         LINE#         978
  C:31B8H         LINE#         979
  C:31BBH         LINE#         980
  C:31BBH         LINE#         981
  C:31BDH         LINE#         983
  C:31BDH         LINE#         984
  C:31C0H         LINE#         985
  C:31C0H         LINE#         987
  C:31DBH         LINE#         988
  C:31DBH         LINE#         989
  C:31DEH         LINE#         990
  C:31DEH         LINE#         992
  C:31E3H         LINE#         993
  C:31E3H         LINE#         994
  C:31E6H         LINE#         996
  C:31EAH         LINE#         997
  C:31EAH         LINE#         998
  C:31F3H         LINE#         999
  C:31F3H         LINE#         1000
  C:3200H         LINE#         1001
  C:3200H         LINE#         1002
  C:3200H         LINE#         1003
  C:3202H         LINE#         1004
  C:320CH         LINE#         1005
  C:320CH         LINE#         1006
  C:321AH         LINE#         1007
  C:3226H         LINE#         1008
  C:322CH         LINE#         1009
  C:322CH         LINE#         1010
  C:322CH         LINE#         1011
  C:322CH         LINE#         1012
  -------         ENDPROC       BALONGOBACKCHK
  -------         PROC          _MC20POWERCTR
BL51 BANKED LINKER/LOCATER V6.22                                                      06/07/2018  15:04:26  PAGE 71


  D:0024H         SYMBOL        Cmd
  C:50E4H         LINE#         1013
  C:50E6H         LINE#         1014
  C:50E6H         LINE#         1015
  C:50EBH         LINE#         1016
  C:50EBH         LINE#         1017
  C:50F2H         LINE#         1018
  C:50F2H         LINE#         1019
  C:50F6H         LINE#         1020
  C:50F6H         LINE#         1021
  C:50FDH         LINE#         1022
  C:50FDH         LINE#         1023
  -------         ENDPROC       _MC20POWERCTR
  -------         PROC          _MC20TASK
  D:0022H         SYMBOL        TaskNum
  -------         DO            
  D:001BH         SYMBOL        CycleCnt
  -------         ENDDO         
  C:3B15H         LINE#         1024
  C:3B17H         LINE#         1025
  C:3B17H         LINE#         1028
  C:3B20H         LINE#         1030
  C:3B26H         LINE#         1031
  C:3B26H         LINE#         1032
  C:3B29H         LINE#         1033
  C:3B2CH         LINE#         1035
  C:3B2CH         LINE#         1036
  C:3B2EH         LINE#         1038
  C:3B35H         LINE#         1039
  C:3B35H         LINE#         1040
  C:3B38H         LINE#         1041
  C:3B3BH         LINE#         1042
  C:3B3EH         LINE#         1043
  C:3B4BH         LINE#         1044
  C:3B4BH         LINE#         1045
  C:3B53H         LINE#         1046
  C:3B53H         LINE#         1047
  C:3B56H         LINE#         1048
  C:3B5CH         LINE#         1049
  C:3B5EH         LINE#         1050
  C:3B60H         LINE#         1051
  C:3B62H         LINE#         1052
  C:3B65H         LINE#         1053
  C:3B67H         LINE#         1055
  C:3B67H         LINE#         1056
  C:3B6EH         LINE#         1057
  C:3B6EH         LINE#         1058
  C:3B81H         LINE#         1059
  C:3B94H         LINE#         1060
  C:3BA7H         LINE#         1061
  C:3BBAH         LINE#         1062
  C:3BCDH         LINE#         1063
  C:3BE1H         LINE#         1064
  C:3BE1H         LINE#         1065
  C:3BE1H         LINE#         1066
  C:3BE1H         LINE#         1068
  C:3BE4H         LINE#         1069
BL51 BANKED LINKER/LOCATER V6.22                                                      06/07/2018  15:04:26  PAGE 72


  C:3BE4H         LINE#         1071
  C:3BEBH         LINE#         1072
  C:3BEBH         LINE#         1073
  C:3C0DH         LINE#         1074
  C:3C13H         LINE#         1075
  C:3C13H         LINE#         1077
  C:3C16H         LINE#         1079
  C:3C1BH         LINE#         1080
  -------         ENDPROC       _MC20TASK
  -------         ENDMOD        MC20

  -------         MODULE        DS18B20
  C:0000H         SYMBOL        _ICE_DUMMY_
  D:0080H         PUBLIC        P0
  D:0090H         PUBLIC        P1
  D:00A0H         PUBLIC        P2
  C:4DB8H         PUBLIC        _DS_WriteData
  D:00B0H         PUBLIC        P3
  D:00C0H         PUBLIC        P4
  D:00C8H         PUBLIC        P5
  C:4F0EH         PUBLIC        DS_Init
  D:00A8H         PUBLIC        IE
  C:4576H         PUBLIC        _GetTemperChar
  D:004DH         PUBLIC        TemperType
  D:00B8H         PUBLIC        IP
  C:38EBH         PUBLIC        TemperCtr
  D:00D8H         PUBLIC        CCON
  B:0080H.3       PUBLIC        P03
  D:0098H         PUBLIC        SCON
  D:0088H         PUBLIC        TCON
  C:4B74H         PUBLIC        DS_ReadData
  D:004EH         PUBLIC        wTemperCal
  D:00D0H         PUBLIC        PSW
  C:4FC1H         PUBLIC        DS_Reset
  -------         PROC          DS_RESET
  -------         DO            
  D:0025H         SYMBOL        bTemp
  -------         ENDDO         
  C:4FC1H         LINE#         26
  C:4FC1H         LINE#         27
  C:4FC1H         LINE#         28
  C:4FC4H         LINE#         30
  C:4FC6H         LINE#         31
  C:4FCDH         LINE#         32
  C:4FCFH         LINE#         33
  C:4FD6H         LINE#         34
  C:4FDFH         LINE#         35
  C:4FE6H         LINE#         36
  C:4FE8H         LINE#         38
  C:4FEAH         LINE#         39
  -------         ENDPROC       DS_RESET
  -------         PROC          _DS_WRITEDATA
  D:0025H         SYMBOL        bData
  -------         DO            
  D:0026H         SYMBOL        i
  -------         ENDDO         
  C:4DB8H         LINE#         41
BL51 BANKED LINKER/LOCATER V6.22                                                      06/07/2018  15:04:26  PAGE 73


  C:4DBAH         LINE#         42
  C:4DBAH         LINE#         45
  C:4DBDH         LINE#         46
  C:4DBDH         LINE#         47
  C:4DBFH         LINE#         48
  C:4DC5H         LINE#         49
  C:4DCAH         LINE#         50
  C:4DCAH         LINE#         51
  C:4DCCH         LINE#         52
  C:4DCEH         LINE#         54
  C:4DCEH         LINE#         55
  C:4DD0H         LINE#         56
  C:4DD0H         LINE#         57
  C:4DD7H         LINE#         58
  C:4DD9H         LINE#         59
  C:4DDFH         LINE#         60
  C:4DE5H         LINE#         61
  C:4DEEH         LINE#         62
  -------         ENDPROC       _DS_WRITEDATA
  -------         PROC          DS_READDATA
  -------         DO            
  D:0025H         SYMBOL        i
  D:0026H         SYMBOL        bTemp
  -------         ENDDO         
  C:4B74H         LINE#         64
  C:4B74H         LINE#         65
  C:4B74H         LINE#         67
  C:4B77H         LINE#         69
  C:4B79H         LINE#         70
  C:4B79H         LINE#         71
  C:4B7BH         LINE#         72
  C:4B81H         LINE#         73
  C:4B83H         LINE#         74
  C:4B89H         LINE#         75
  C:4B93H         LINE#         76
  C:4B93H         LINE#         77
  C:4BA2H         LINE#         78
  C:4BA2H         LINE#         79
  C:4BA9H         LINE#         80
  C:4BABH         LINE#         81
  C:4BB1H         LINE#         82
  C:4BBAH         LINE#         83
  C:4BBCH         LINE#         84
  -------         ENDPROC       DS_READDATA
  -------         PROC          DS_INIT
  C:4F0EH         LINE#         86
  C:4F0EH         LINE#         87
  C:4F0EH         LINE#         88
  C:4F17H         LINE#         89
  C:4F19H         LINE#         90
  C:4F20H         LINE#         91
  C:4F23H         LINE#         92
  C:4F28H         LINE#         93
  C:4F2DH         LINE#         94
  C:4F32H         LINE#         95
  C:4F37H         LINE#         96
  -------         ENDPROC       DS_INIT
BL51 BANKED LINKER/LOCATER V6.22                                                      06/07/2018  15:04:26  PAGE 74


  -------         PROC          _GETTEMPERCHAR
  D:0007H         SYMBOL        TemperType
  -------         DO            
  D:0025H         SYMBOL        TemperTemp
  -------         ENDDO         
  C:4576H         LINE#         99
  C:4576H         LINE#         100
  C:4576H         LINE#         101
  C:457BH         LINE#         103
  C:4581H         LINE#         105
  C:4584H         LINE#         106
  C:4584H         LINE#         107
  C:458AH         LINE#         108
  C:458CH         LINE#         109
  C:458FH         LINE#         110
  C:458FH         LINE#         111
  C:4595H         LINE#         112
  C:4595H         LINE#         114
  C:45AAH         LINE#         115
  C:45B9H         LINE#         116
  C:45CEH         LINE#         117
  C:45DDH         LINE#         118
  C:45F2H         LINE#         120
  -------         ENDPROC       _GETTEMPERCHAR
  -------         PROC          TEMPERCTR
  -------         DO            
  D:0023H         SYMBOL        LSB_Data
  D:0024H         SYMBOL        MSB_Data
  D:0049H         SYMBOL        LowTemCnt1
  D:004AH         SYMBOL        HighTemCnt1
  D:004BH         SYMBOL        LowTemCnt2
  D:004CH         SYMBOL        HighTemCnt2
  B:0021H.1       SYMBOL        Flag
  -------         ENDDO         
  C:38EBH         LINE#         122
  C:38EBH         LINE#         123
  C:38EBH         LINE#         124
  C:38EEH         LINE#         125
  C:38F0H         LINE#         132
  C:38F9H         LINE#         133
  C:38F9H         LINE#         134
  C:38FEH         LINE#         135
  C:3901H         LINE#         136
  C:3901H         LINE#         137
  C:3903H         LINE#         138
  C:3908H         LINE#         139
  C:3908H         LINE#         141
  C:3908H         LINE#         142
  C:390AH         LINE#         143
  C:390FH         LINE#         144
  C:3914H         LINE#         145
  C:3919H         LINE#         147
  C:3926H         LINE#         148
  C:392CH         LINE#         149
  C:392CH         LINE#         150
  C:3946H         LINE#         151
  C:3949H         LINE#         152
BL51 BANKED LINKER/LOCATER V6.22                                                      06/07/2018  15:04:26  PAGE 75


  C:394BH         LINE#         154
  C:394BH         LINE#         155
  C:395CH         LINE#         156
  C:395FH         LINE#         157
  C:395FH         LINE#         159
  C:396EH         LINE#         161
  C:3972H         LINE#         162
  C:3972H         LINE#         163
  C:397DH         LINE#         164
  C:397DH         LINE#         165
  C:3980H         LINE#         166
  C:3982H         LINE#         167
  C:3988H         LINE#         168
  C:3988H         LINE#         169
  C:398BH         LINE#         170
  C:398BH         LINE#         171
  C:398BH         LINE#         172
  C:398DH         LINE#         173
  C:3998H         LINE#         174
  C:3998H         LINE#         175
  C:399BH         LINE#         176
  C:399DH         LINE#         177
  C:39A4H         LINE#         178
  C:39A4H         LINE#         179
  C:39A7H         LINE#         180
  C:39A7H         LINE#         181
  C:39A7H         LINE#         182
  C:39A9H         LINE#         184
  C:39A9H         LINE#         185
  C:39ACH         LINE#         186
  C:39AEH         LINE#         187
  C:39AEH         LINE#         188
  C:39B0H         LINE#         189
  C:39B6H         LINE#         190
  C:39B6H         LINE#         191
  C:39C1H         LINE#         192
  C:39C1H         LINE#         193
  C:39C4H         LINE#         194
  C:39C6H         LINE#         195
  C:39CDH         LINE#         196
  C:39CDH         LINE#         197
  C:39D0H         LINE#         198
  C:39D7H         LINE#         199
  C:39D7H         LINE#         200
  C:39D9H         LINE#         201
  C:39E4H         LINE#         202
  C:39E4H         LINE#         203
  C:39E7H         LINE#         204
  C:39E9H         LINE#         205
  C:39EFH         LINE#         206
  C:39EFH         LINE#         207
  C:39F2H         LINE#         208
  C:39F9H         LINE#         209
  C:39F9H         LINE#         210
  C:39FBH         LINE#         212
  C:39FBH         LINE#         213
  C:39FEH         LINE#         214
BL51 BANKED LINKER/LOCATER V6.22                                                      06/07/2018  15:04:26  PAGE 76


  C:3A00H         LINE#         215
  C:3A00H         LINE#         216
  C:3A00H         LINE#         218
  C:3A05H         LINE#         219
  C:3A05H         LINE#         220
  C:3A05H         LINE#         221
  -------         ENDPROC       TEMPERCTR
  -------         ENDMOD        DS18B20

  -------         MODULE        ?C?COPY
  C:1C07H         PUBLIC        ?C?COPY
  -------         ENDMOD        ?C?COPY

  -------         MODULE        ?C?CLDPTR
  C:1C2DH         PUBLIC        ?C?CLDPTR
  -------         ENDMOD        ?C?CLDPTR

  -------         MODULE        ?C?CLDOPTR
  C:1C46H         PUBLIC        ?C?CLDOPTR
  -------         ENDMOD        ?C?CLDOPTR

  -------         MODULE        ?C?CSTPTR
  C:1C73H         PUBLIC        ?C?CSTPTR
  -------         ENDMOD        ?C?CSTPTR

  -------         MODULE        ?C?CSTOPTR
  C:1C85H         PUBLIC        ?C?CSTOPTR
  -------         ENDMOD        ?C?CSTOPTR

  -------         MODULE        ?C?IMUL
  C:1CA7H         PUBLIC        ?C?IMUL
  -------         ENDMOD        ?C?IMUL

  -------         MODULE        ?C?UIDIV
  C:1CB9H         PUBLIC        ?C?UIDIV
  -------         ENDMOD        ?C?UIDIV

  -------         MODULE        ?C?ILDPTR
  C:1D0EH         PUBLIC        ?C?ILDPTR
  -------         ENDMOD        ?C?ILDPTR

  -------         MODULE        ?C?ILDOPTR
  C:1D39H         PUBLIC        ?C?ILDOPTR
  -------         ENDMOD        ?C?ILDOPTR

  -------         MODULE        ?C?IILDOPTR
  C:1D71H         PUBLIC        ?C?IILDOPTR
  -------         ENDMOD        ?C?IILDOPTR

  -------         MODULE        ?C?ISTPTR
  C:1DBEH         PUBLIC        ?C?ISTPTR
  -------         ENDMOD        ?C?ISTPTR

  -------         MODULE        ?C?ISTOPTR
  C:1DDDH         PUBLIC        ?C?ISTOPTR
  -------         ENDMOD        ?C?ISTOPTR

BL51 BANKED LINKER/LOCATER V6.22                                                      06/07/2018  15:04:26  PAGE 77


  -------         MODULE        ?C?LMUL
  C:1E0AH         PUBLIC        ?C?LMUL
  -------         ENDMOD        ?C?LMUL

  -------         MODULE        ?C?ULDIV
  C:1E95H         PUBLIC        ?C?ULDIV
  -------         ENDMOD        ?C?ULDIV

  -------         MODULE        ?C?LNEG
  C:1F27H         PUBLIC        ?C?LNEG
  -------         ENDMOD        ?C?LNEG

  -------         MODULE        ?C?SLCMP
  C:1F35H         PUBLIC        ?C?SLCMP
  -------         ENDMOD        ?C?SLCMP

  -------         MODULE        ?C?ULCMP
  C:1F4BH         PUBLIC        ?C?ULCMP
  -------         ENDMOD        ?C?ULCMP

  -------         MODULE        ?C?ULSHR
  C:1F5CH         PUBLIC        ?C?ULSHR
  -------         ENDMOD        ?C?ULSHR

  -------         MODULE        ?C?SLSHR
  C:1F6FH         PUBLIC        ?C?SLSHR
  -------         ENDMOD        ?C?SLSHR

  -------         MODULE        ?C?LSHL
  C:1F83H         PUBLIC        ?C?LSHL
  -------         ENDMOD        ?C?LSHL

  -------         MODULE        ?C?LSTXDATA
  C:1F96H         PUBLIC        ?C?LSTXDATA
  -------         ENDMOD        ?C?LSTXDATA

  -------         MODULE        ?C?LSTKXDATA
  C:1FA2H         PUBLIC        ?C?LSTKXDATA
  -------         ENDMOD        ?C?LSTKXDATA

  -------         MODULE        STRSTR
  D:003AH         PUBLIC        ?_strstr?BYTE
  C:471DH         PUBLIC        _strstr
  -------         ENDMOD        STRSTR

  -------         MODULE        ?C?MEMSET
  C:1FD3H         PUBLIC        ?C?MEMSET
  -------         ENDMOD        ?C?MEMSET

  -------         MODULE        ?C?IILDX
  C:1FFFH         PUBLIC        ?C?IILDX
  -------         ENDMOD        ?C?IILDX

*** WARNING L15: MULTIPLE CALL TO SEGMENT
    SEGMENT: ?PR?_UARTREADFLG?COMMUTASK
    CALLER1: ?PR?INTERCOMISR?ISR
    CALLER2: ?PR?EXTERCOMISR?ISR
BL51 BANKED LINKER/LOCATER V6.22                                                      06/07/2018  15:04:26  PAGE 78



Program Size: data=119.2 xdata=1022 code=20928
LINK/LOCATE RUN COMPLETE.  1 WARNING(S),  0 ERROR(S)
